Microchip Technology Inc, v

Tool Name:
  /opt/microchip/xc16/v1.21/bin/bin/../bin/elf-ld

Command:
  -p24FJ64GB004 \
  -o \
  dist/default/production/mrf49xa_pic24b.production.elf \
  -L/opt/microchip/xc16/v1.21/bin/bin/.. \
  -L/opt/microchip/xc16/v1.21/bin/bin/../../lib \
  -L/opt/microchip/xc16/v1.21/bin/bin/../../lib/PIC24E \
  -L/opt/microchip/xc16/v1.21/bin/bin/../../support/PIC24E/gld \
  -L/opt/microchip/xc16/v1.21/bin/bin/../../lib/PIC24F \
  -L/opt/microchip/xc16/v1.21/bin/bin/../../support/PIC24F/gld \
  -L/opt/microchip/xc16/v1.21/bin/bin/../../lib/PIC24H \
  -L/opt/microchip/xc16/v1.21/bin/bin/../../support/PIC24H/gld \
  -L/opt/microchip/xc16/v1.21/bin/bin/../../lib/dsPIC30F \
  -L/opt/microchip/xc16/v1.21/bin/bin/../../support/dsPIC30F/gld \
  -L/opt/microchip/xc16/v1.21/bin/bin/../../lib/dsPIC33E \
  -L/opt/microchip/xc16/v1.21/bin/bin/../../support/dsPIC33E/gld \
  -L/opt/microchip/xc16/v1.21/bin/bin/../../lib/dsPIC33F \
  -L/opt/microchip/xc16/v1.21/bin/bin/../../support/dsPIC33F/gld \
  build/default/production/_ext/2059971085/context.o \
  build/default/production/_ext/1445274692/main.o \
  build/default/production/_ext/585513329/i2c.o \
  build/default/production/_ext/585513329/adc.o \
  build/default/production/_ext/585513329/interrupt.o \
  build/default/production/_ext/767653358/mcp9800.o \
  build/default/production/_ext/767653358/mrf49xa.o \
  build/default/production/_ext/585513329/rtc.o \
  build/default/production/_ext/585513329/rtos.o \
  build/default/production/_ext/585513329/spi.o \
  build/default/production/_ext/767653358/SST26VF032.o \
  build/default/production/_ext/585513329/timer.o \
  build/default/production/_ext/585513329/uart.o \
  build/default/production/_ext/1201319415/hal.o \
  build/default/production/_ext/1201319415/rf_task.o \
  build/default/production/_ext/1639527791/task.o \
  build/default/production/_ext/1445274692/timer.o \
  build/default/production/_ext/2125849857/ccbuf.o \
  build/default/production/_ext/1161282060/softI2c.o \
  build/default/production/_ext/11123685/executiontime.o \
  build/default/production/_ext/1201319415/packets.o \
  build/default/production/_ext/767653358/enc28j60.o \
  build/default/production/_ext/312626442/tcp.o \
  build/default/production/_ext/312626442/arp.o \
  build/default/production/_ext/312626442/icmp.o \
  build/default/production/_ext/312626442/ipv4.o \
  build/default/production/_ext/312626442/ntp.o \
  build/default/production/_ext/312626442/udp.o \
  build/default/production/_ext/755928972/router.o \
  build/default/production/_ext/767653358/spiArbiter.o \
  --defsym=__MPLAB_BUILD=1 \
  -Tp24FJ64GB004.gld.00 \
  --stack=16 \
  --check-sections \
  --data-init \
  --pack-data \
  --handles \
  --isr \
  --no-gc-sections \
  --fill-upper=0 \
  --stackguard=16 \
  --no-force-link \
  --smart-io \
  -Map=dist/default/production/mrf49xa_pic24b.production.map \
  --report-mem \
  -start-group \
  --library=fx-elf \
  --library=pic30-elf \
  --library=m-elf \
  --library=c-elf \
  -end-group \

Archive member included because of file (symbol)

/opt/microchip/xc16/v1.21/bin/bin/../../lib/libpic30-elf.a(crt0_standard.o)
                              (__resetPRI)
/opt/microchip/xc16/v1.21/bin/bin/../../lib/libpic30-elf.a(data_init_standard.o)
                              /opt/microchip/xc16/v1.21/bin/bin/../../lib/libpic30-elf.a(crt0_standard.o) (__data_init_standard)
/opt/microchip/xc16/v1.21/bin/bin/../../lib/libm-elf.a(udivsi3.eo)
                              build/default/production/_ext/585513329/timer.o (___udivsi3)
/opt/microchip/xc16/v1.21/bin/bin/../../lib/libc-elf.a(memcmp.eo)
                              build/default/production/_ext/312626442/tcp.o (_memcmp)
/opt/microchip/xc16/v1.21/bin/bin/../../lib/libc-elf.a(memcpy.eo)
                              build/default/production/_ext/1201319415/packets.o (_memcpy)
/opt/microchip/xc16/v1.21/bin/bin/../../lib/libc-elf.a(memset.eo)
                              build/default/production/_ext/1639527791/task.o (_memset)
/opt/microchip/xc16/v1.21/bin/bin/../../lib/libc-elf.a(puts.eo)
                              build/default/production/_ext/1445274692/main.o (_puts)
/opt/microchip/xc16/v1.21/bin/bin/../../lib/libc-elf.a(sprintf.eo)
                              build/default/production/_ext/755928972/router.o (_sprintf)
/opt/microchip/xc16/v1.21/bin/bin/../../lib/libc-elf.a(strcmp.eo)
                              build/default/production/_ext/755928972/router.o (_strcmp)
/opt/microchip/xc16/v1.21/bin/bin/../../lib/libc-elf.a(strcpy.eo)
                              build/default/production/_ext/755928972/router.o (_strcpy)
/opt/microchip/xc16/v1.21/bin/bin/../../lib/libc-elf.a(putchar.eo)
                              build/default/production/_ext/1201319415/rf_task.o (_putchar)
/opt/microchip/xc16/v1.21/bin/bin/../../lib/libc-elf.a(_iob.eo)
                              /opt/microchip/xc16/v1.21/bin/bin/../../lib/libc-elf.a(puts.eo) (__iob)
[...]
Memory Configuration

Name             Origin             Length             Attributes
data             0x000800           0x002000           a !xr
reset            0x000000           0x000004  
ivt              0x000004           0x0000fc  
_reserved        0x000100           0x000004  
aivt             0x000104           0x0000fc  
program          0x000200           0x00a9f6           xr
CONFIG4          0x00abf8           0x000002  
CONFIG3          0x00abfa           0x000002  
CONFIG2          0x00abfc           0x000002  
CONFIG1          0x00abfe           0x000002  
*default*        0x000000           0xffffffff  

Linker script and memory map

LOAD build/default/production/_ext/2059971085/context.o
LOAD build/default/production/_ext/1445274692/main.o
LOAD build/default/production/_ext/585513329/i2c.o
LOAD build/default/production/_ext/585513329/adc.o
LOAD build/default/production/_ext/585513329/interrupt.o
LOAD build/default/production/_ext/767653358/mcp9800.o
LOAD build/default/production/_ext/767653358/mrf49xa.o
LOAD build/default/production/_ext/585513329/rtc.o
LOAD build/default/production/_ext/585513329/rtos.o
LOAD build/default/production/_ext/585513329/spi.o
LOAD build/default/production/_ext/767653358/SST26VF032.o
LOAD build/default/production/_ext/585513329/timer.o
LOAD build/default/production/_ext/585513329/uart.o
LOAD build/default/production/_ext/1201319415/hal.o
LOAD build/default/production/_ext/1201319415/rf_task.o
LOAD build/default/production/_ext/1639527791/task.o
LOAD build/default/production/_ext/1445274692/timer.o
LOAD build/default/production/_ext/2125849857/ccbuf.o
LOAD build/default/production/_ext/1161282060/softI2c.o
LOAD build/default/production/_ext/11123685/executiontime.o
LOAD build/default/production/_ext/1201319415/packets.o
LOAD build/default/production/_ext/767653358/enc28j60.o
LOAD build/default/production/_ext/312626442/tcp.o
LOAD build/default/production/_ext/312626442/arp.o
LOAD build/default/production/_ext/312626442/icmp.o
LOAD build/default/production/_ext/312626442/ipv4.o
LOAD build/default/production/_ext/312626442/ntp.o
LOAD build/default/production/_ext/312626442/udp.o
LOAD build/default/production/_ext/755928972/router.o
LOAD build/default/production/_ext/767653358/spiArbiter.o
                    0x0001                  __MPLAB_BUILD = 0x1
LOAD /opt/microchip/xc16/v1.21/bin/bin/../../lib/PIC24F/libpPIC24Fxxx-elf.a
                    0xabf8                  __CONFIG4 = 0xabf8
                    0xabfa                  __CONFIG3 = 0xabfa
                    0xabfc                  __CONFIG2 = 0xabfc
                    0xabfe                  __CONFIG1 = 0xabfe
                    0x0001                  __NO_HANDLES = 0x1
                    0x0004                  __IVT_BASE = 0x4
                    0x0104                  __AIVT_BASE = 0x104
                    0x0800                  __DATA_BASE = 0x800
                    0x2000                  __DATA_LENGTH = 0x2000
                    0x0200                  __CODE_BASE = 0x200
                    0xa9f8                  __CODE_LENGTH = 0xa9f8

.reset            0x000000          0x4
                  0x000000          0x2 SHORT 0x200 ABSOLUTE (__reset)
                  0x000001          0x2 SHORT 0x4
                  0x000002          0x2 SHORT 0x0 ((ABSOLUTE (__reset) >> 0x10) & 0x7f)
                  0x000003          0x2 SHORT 0x0

.text             0x000200       0x2130
 *(.init)
 .init            0x000200         0x36 /opt/microchip/xc16/v1.21/bin/bin/../../lib/libpic30-elf.a(crt0_standard.o)
                  0x000200                  __reset
                  0x000200                  __resetPRI
                  0x000226                  __psv_init
 .init            0x000236         0x5e /opt/microchip/xc16/v1.21/bin/bin/../../lib/libpic30-elf.a(data_init_standard.o)
                  0x000236                  __data_init
                  0x000236                  __data_init_standard
 *(.user_init)
 *(.handle)
 *(.isr*)
 .isr             0x0002d8          0x4 default_isr
                  0x0002d8                  __DefaultInterrupt
 *(.libc)
 *(.libm)
 *(.libdsp)
 *(.lib*)
 .libm.udivsi3    0x0002dc         0x20 /opt/microchip/xc16/v1.21/bin/bin/../../lib/libm-elf.a(udivsi3.eo)
                  0x0002dc                  ___udivsi3
 .libc.memcmp.memcmp
                  0x0002fc         0x34 /opt/microchip/xc16/v1.21/bin/bin/../../lib/libc-elf.a(memcmp.eo)
                  0x0002fc                  _memcmp
 .libc.memcpy.memcpy
                  0x000330          0xe /opt/microchip/xc16/v1.21/bin/bin/../../lib/libc-elf.a(memcpy.eo)
                  0x000330                  _memcpy
 .libc.memset.memset
                  0x00033e          0xe /opt/microchip/xc16/v1.21/bin/bin/../../lib/libc-elf.a(memset.eo)
                  0x00033e                  _memset
 .libc.fputs.fputs
                  0x00034c         0x1c /opt/microchip/xc16/v1.21/bin/bin/../../lib/libc-elf.a(puts.eo)
                  0x00034c                  _fputs
 .libc.puts.puts
                  0x000368         0x14 /opt/microchip/xc16/v1.21/bin/bin/../../lib/libc-elf.a(puts.eo)
                  0x000368                  _puts
 .libc.sprintf.sprintf
                  0x00037c         0x2c /opt/microchip/xc16/v1.21/bin/bin/../../lib/libc-elf.a(sprintf.eo)
                  0x00037c                  _sprintf
 .libc.strcmp.strcmp
                  0x0003a8          0xe /opt/microchip/xc16/v1.21/bin/bin/../../lib/libc-elf.a(strcmp.eo)
                  0x0003a8                  _strcmp
 .libc.strcpy.strcpy
                  0x0003b6          0xc /opt/microchip/xc16/v1.21/bin/bin/../../lib/libc-elf.a(strcpy.eo)
                  0x0003b6                  _strcpy
 .libc.putchar.putchar
                  0x0003c2          0x4 /opt/microchip/xc16/v1.21/bin/bin/../../lib/libc-elf.a(putchar.eo)
                  0x0003c2                  _putchar
 .libc._printf_cdnopuxX._printf_cdnopuxX
                  0x0003c6          0xe /opt/microchip/xc16/v1.21/bin/bin/../../lib/libc-elf.a(printf_cdnopuxX.XXeo)
                  0x0003c6                  __printf_cdnopuxX
 .libc._sprintf_cdnopsuxX._sprintf_cdnopsuxX
                  0x0003d4         0x2c /opt/microchip/xc16/v1.21/bin/bin/../../lib/libc-elf.a(sprintf_cdnopsuxX.XXeo)
                  0x0003d4                  __sprintf_cdnopsuxX
                  0x0003d4                  __sprintf_0
                  0x0003d4                  __sprintf_s
 .libc._vfprintf_cdnopsuxX._vfprintf_cdnopsuxX
                  0x000400        0x508 /opt/microchip/xc16/v1.21/bin/bin/../../lib/libc-elf.a(doprnt_cdnopsuxX.XXeo)
                  0x000400                  __vfprintf_s
                  0x000400                  __vfprintf_cdnopuxX
                  0x000400                  __vfprintf_cdnopsuxX
                  0x000400                  __vfprintf_0
 .libc.fround.fround
                  0x000908         0xba /opt/microchip/xc16/v1.21/bin/bin/../../lib/libc-elf.a(doprnt.eo)
 .libc.scale.scale
                  0x0009c2         0xc0 /opt/microchip/xc16/v1.21/bin/bin/../../lib/libc-elf.a(doprnt.eo)
 .libc.vfprintf.vfprintf
                  0x000a82        0xea6 /opt/microchip/xc16/v1.21/bin/bin/../../lib/libc-elf.a(doprnt.eo)
                  0x000a82                  _vfprintf
 .libc.fputc.fputc
                  0x001928         0x88 /opt/microchip/xc16/v1.21/bin/bin/../../lib/libc-elf.a(fputc.eo)
                  0x001928                  _fputc
 .libc._flsbuf._flsbuf
                  0x0019b0         0x84 /opt/microchip/xc16/v1.21/bin/bin/../../lib/libc-elf.a(flsbuf.eo)
                  0x0019b0                  __flsbuf
 .libc.dowrite.dowrite
                  0x001a34          0x4 /opt/microchip/xc16/v1.21/bin/bin/../../lib/libpic30-elf.a(write.eo)
 .libc.write      0x001a38         0x60 /opt/microchip/xc16/v1.21/bin/bin/../../lib/libpic30-elf.a(write.eo)
                  0x001a38                  _write
 .libm.adddf3     0x001a98         0xfa /opt/microchip/xc16/v1.21/bin/bin/../../lib/libm-elf.a(adddf3.eo)
                  0x001a98                  ___adddf3
 .libm.eqdf2      0x001b92          0xa /opt/microchip/xc16/v1.21/bin/bin/../../lib/libm-elf.a(deqltle.eo)
                  0x001b92                  ___ledf2
                  0x001b92                  ___eqdf2
                  0x001b92                  ___ltdf2
 .libm.gtdf2      0x001b9c          0xa /opt/microchip/xc16/v1.21/bin/bin/../../lib/libm-elf.a(dgtge.eo)
                  0x001b9c                  ___gedf2
                  0x001b9c                  ___gtdf2
 .libm.divdf3     0x001ba6         0xb4 /opt/microchip/xc16/v1.21/bin/bin/../../lib/libm-elf.a(divdf3.eo)
                  0x001ba6                  ___divdf3
 .libm.nedf2      0x001c5a          0xa /opt/microchip/xc16/v1.21/bin/bin/../../lib/libm-elf.a(dne.eo)
                  0x001c5a                  ___nedf2
 .libm.dpack      0x001c64         0x58 /opt/microchip/xc16/v1.21/bin/bin/../../lib/libm-elf.a(dpack.eo)
                  0x001c64                  __dpack
 .libm.dunpack2
                  0x001cbc         0x32 /opt/microchip/xc16/v1.21/bin/bin/../../lib/libm-elf.a(dunpack2.eo)
                  0x001cbc                  __dunpack2
                  0x001cde                  __dreturnNaN
                  0x001ce4                  __dunpack2exit
 .libm.extendsfdf2
                  0x001cee         0x3e /opt/microchip/xc16/v1.21/bin/bin/../../lib/libm-elf.a(extendsfdf.eo)
                  0x001cee                  ___extendsfdf2
 .libm.fixunsdfdi
                  0x001d2c         0x62 /opt/microchip/xc16/v1.21/bin/bin/../../lib/libm-elf.a(fixunsdfdi.eo)
                  0x001d2c                  ___fixunsdfdi
 .libm.fixunsdfsi
                  0x001d8e         0x4c /opt/microchip/xc16/v1.21/bin/bin/../../lib/libm-elf.a(fixunsdfsi.eo)
                  0x001d8e                  ___fixunsdfsi
 .libm.floatundidf
                  0x001dda         0x56 /opt/microchip/xc16/v1.21/bin/bin/../../lib/libm-elf.a(floatundidf.eo)
                  0x001dda                  ___floatundidf
 .libm.floatunsidf
                  0x001e30          0x4 /opt/microchip/xc16/v1.21/bin/bin/../../lib/libm-elf.a(floatunsidf.eo)
                  0x001e30                  ___floatunsidf
 .libm.frexp      0x001e34         0x3a /opt/microchip/xc16/v1.21/bin/bin/../../lib/libm-elf.a(frexp.eo)
                  0x001e34                  _frexpl
                  0x001e34                  _frexp
 .libm.funpack    0x001e6e         0x2a /opt/microchip/xc16/v1.21/bin/bin/../../lib/libm-elf.a(funpack.eo)
                  0x001e6e                  __funpack
 .libm.muldf3     0x001e98         0xea /opt/microchip/xc16/v1.21/bin/bin/../../lib/libm-elf.a(muldf3.eo)
                  0x001e98                  ___muldf3
 .libm.subdf3     0x001f82          0x4 /opt/microchip/xc16/v1.21/bin/bin/../../lib/libm-elf.a(subdf3.eo)
                  0x001f82                  ___subdf3
 .libm.truncdfsf2
                  0x001f86         0x56 /opt/microchip/xc16/v1.21/bin/bin/../../lib/libm-elf.a(truncdfsf.eo)
                  0x001f86                  ___truncdfsf2
 .libm.__PplusBdi.__PplusBdi
                  0x001fdc         0x28 /opt/microchip/xc16/v1.21/bin/bin/../../lib/libm-elf.a(divmoddi3.eo)
 .libm.__PminusBdi.__PminusBdi
                  0x002004         0x4a /opt/microchip/xc16/v1.21/bin/bin/../../lib/libm-elf.a(divmoddi3.eo)
 .libm.__udivmoddi3.__udivmoddi3
                  0x00204e         0xe4 /opt/microchip/xc16/v1.21/bin/bin/../../lib/libm-elf.a(divmoddi3.eo)
                  0x00204e                  ___udivmoddi3
 .libm.__udivdi3.__udivdi3
                  0x002132          0xe /opt/microchip/xc16/v1.21/bin/bin/../../lib/libm-elf.a(divmoddi3.eo)
                  0x002132                  ___udivdi3
 .libm.__umoddi3.__umoddi3
                  0x002140          0x8 /opt/microchip/xc16/v1.21/bin/bin/../../lib/libm-elf.a(divmoddi3.eo)
                  0x002140                  ___umoddi3
 .libm.__divdi3.__divdi3
                  0x002148         0x60 /opt/microchip/xc16/v1.21/bin/bin/../../lib/libm-elf.a(divmoddi3.eo)
                  0x002148                  ___divdi3
 .libm.__moddi3.__moddi3
                  0x0021a8         0x5c /opt/microchip/xc16/v1.21/bin/bin/../../lib/libm-elf.a(divmoddi3.eo)
                  0x0021a8                  ___moddi3
 .libm.dcompare
                  0x002204         0x52 /opt/microchip/xc16/v1.21/bin/bin/../../lib/libm-elf.a(dcompare.eo)
                  0x002204                  __dcompare
 .libm.dPropagateNaN
                  0x002256         0x1c /opt/microchip/xc16/v1.21/bin/bin/../../lib/libm-elf.a(dpropagateNaN.eo)
                  0x002256                  __dPropagateNaN
 .libm.dtype      0x002272         0x24 /opt/microchip/xc16/v1.21/bin/bin/../../lib/libm-elf.a(dtype.eo)
                  0x002272                  __dtype
 .libm.dunpack    0x002296         0x4e /opt/microchip/xc16/v1.21/bin/bin/../../lib/libm-elf.a(dunpack.eo)
                  0x002296                  __dunpack
 .libm.fpack      0x0022e4         0x4c /opt/microchip/xc16/v1.21/bin/bin/../../lib/libm-elf.a(fpack.eo)
                  0x0022e4                  __fpack

usercode
 *(usercode)

__CONFIG4         0x00abf8          0x2
 *(__CONFIG4.sec*)
 __CONFIG4.sec    0x00abf8          0x2 build/default/production/_ext/1445274692/main.o

__CONFIG3         0x00abfa          0x2
 *(__CONFIG3.sec*)
 __CONFIG3.sec    0x00abfa          0x2 build/default/production/_ext/1445274692/main.o

__CONFIG2         0x00abfc          0x2
 *(__CONFIG2.sec*)
 __CONFIG2.sec    0x00abfc          0x2 build/default/production/_ext/1445274692/main.o

__CONFIG1         0x00abfe          0x2
 *(__CONFIG1.sec*)
 __CONFIG1.sec    0x00abfe          0x2 build/default/production/_ext/1445274692/main.o

.comment
 *(.comment)

.debug_info       0x000000       0xe1ba
 *(.debug_info)
 .debug_info      0x000000         0x9f build/default/production/_ext/2059971085/context.o
 .debug_info      0x00009f       0x17fc build/default/production/_ext/1445274692/main.o
 .debug_info      0x00189b        0xd21 build/default/production/_ext/585513329/interrupt.o
 .debug_info      0x0025bc        0x26b build/default/production/_ext/767653358/mcp9800.o
 .debug_info      0x002827        0x858 build/default/production/_ext/767653358/mrf49xa.o
 .debug_info      0x00307f        0xb23 build/default/production/_ext/585513329/rtos.o
 .debug_info      0x003ba2       0x149e build/default/production/_ext/585513329/spi.o
 .debug_info      0x005040        0x5ec build/default/production/_ext/767653358/SST26VF032.o
 .debug_info      0x00562c        0x6df build/default/production/_ext/585513329/timer.o
 .debug_info      0x005d0b        0xa3c build/default/production/_ext/1201319415/hal.o
 .debug_info      0x006747        0xd9d build/default/production/_ext/1201319415/rf_task.o
 .debug_info      0x0074e4        0x6e3 build/default/production/_ext/1639527791/task.o
 .debug_info      0x007bc7        0x372 build/default/production/_ext/1445274692/timer.o
 .debug_info      0x007f39        0x585 build/default/production/_ext/2125849857/ccbuf.o
 .debug_info      0x0084be        0x6d2 build/default/production/_ext/1161282060/softI2c.o
 .debug_info      0x008b90        0x1a5 build/default/production/_ext/11123685/executiontime.o
 .debug_info      0x008d35        0x732 build/default/production/_ext/1201319415/packets.o
 .debug_info      0x009467        0xf14 build/default/production/_ext/767653358/enc28j60.o
 .debug_info      0x00a37b        0xe67 build/default/production/_ext/312626442/tcp.o
 .debug_info      0x00b1e2        0x50f build/default/production/_ext/312626442/arp.o
 .debug_info      0x00b6f1        0x457 build/default/production/_ext/312626442/icmp.o
 .debug_info      0x00bb48        0x5cd build/default/production/_ext/312626442/ipv4.o
 .debug_info      0x00c115        0x669 build/default/production/_ext/312626442/ntp.o
 .debug_info      0x00c77e        0x685 build/default/production/_ext/312626442/udp.o
 .debug_info      0x00ce03        0xf49 build/default/production/_ext/755928972/router.o
 .debug_info      0x00dd4c        0x46e build/default/production/_ext/767653358/spiArbiter.o
 *(.gnu.linkonce.wi.*)

.debug_abbrev     0x000000       0x2291
 *(.debug_abbrev)
 .debug_abbrev    0x000000         0x10 build/default/production/_ext/2059971085/context.o
 .debug_abbrev    0x000010        0x26b build/default/production/_ext/1445274692/main.o
 .debug_abbrev    0x00027b          0x1 build/default/production/_ext/585513329/i2c.o
 .debug_abbrev    0x00027c          0x1 build/default/production/_ext/585513329/adc.o
 .debug_abbrev    0x00027d        0x167 build/default/production/_ext/585513329/interrupt.o
 .debug_abbrev    0x0003e4         0x90 build/default/production/_ext/767653358/mcp9800.o
 .debug_abbrev    0x000474        0x144 build/default/production/_ext/767653358/mrf49xa.o
 .debug_abbrev    0x0005b8          0x1 build/default/production/_ext/585513329/rtc.o
 .debug_abbrev    0x0005b9        0x1b0 build/default/production/_ext/585513329/rtos.o
 .debug_abbrev    0x000769        0x162 build/default/production/_ext/585513329/spi.o
 .debug_abbrev    0x0008cb         0xdf build/default/production/_ext/767653358/SST26VF032.o
 .debug_abbrev    0x0009aa        0x1aa build/default/production/_ext/585513329/timer.o
 .debug_abbrev    0x000b54          0x1 build/default/production/_ext/585513329/uart.o
 .debug_abbrev    0x000b55        0x1f6 build/default/production/_ext/1201319415/hal.o
 .debug_abbrev    0x000d4b        0x237 build/default/production/_ext/1201319415/rf_task.o
 .debug_abbrev    0x000f82        0x16f build/default/production/_ext/1639527791/task.o
 .debug_abbrev    0x0010f1         0xcc build/default/production/_ext/1445274692/timer.o
 .debug_abbrev    0x0011bd         0xdd build/default/production/_ext/2125849857/ccbuf.o
 .debug_abbrev    0x00129a         0xe5 build/default/production/_ext/1161282060/softI2c.o
 .debug_abbrev    0x00137f         0x34 build/default/production/_ext/11123685/executiontime.o
 .debug_abbrev    0x0013b3        0x183 build/default/production/_ext/1201319415/packets.o
 .debug_abbrev    0x001536        0x254 build/default/production/_ext/767653358/enc28j60.o
 .debug_abbrev    0x00178a        0x290 build/default/production/_ext/312626442/tcp.o
 .debug_abbrev    0x001a1a        0x132 build/default/production/_ext/312626442/arp.o
 .debug_abbrev    0x001b4c         0xb6 build/default/production/_ext/312626442/icmp.o
 .debug_abbrev    0x001c02        0x13b build/default/production/_ext/312626442/ipv4.o
 .debug_abbrev    0x001d3d         0xdc build/default/production/_ext/312626442/ntp.o
 .debug_abbrev    0x001e19        0x13e build/default/production/_ext/312626442/udp.o
 .debug_abbrev    0x001f57        0x253 build/default/production/_ext/755928972/router.o
 .debug_abbrev    0x0021aa         0xe7 build/default/production/_ext/767653358/spiArbiter.o

.debug_line       0x000000       0x52a8
 *(.debug_line)
 .debug_line      0x000000         0x88 build/default/production/_ext/2059971085/context.o
 .debug_line      0x000088        0x4b9 build/default/production/_ext/1445274692/main.o
 .debug_line      0x000541         0x24 build/default/production/_ext/585513329/i2c.o
 .debug_line      0x000565         0x24 build/default/production/_ext/585513329/adc.o
 .debug_line      0x000589        0x247 build/default/production/_ext/585513329/interrupt.o
 .debug_line      0x0007d0        0x12e build/default/production/_ext/767653358/mcp9800.o
 .debug_line      0x0008fe        0x34c build/default/production/_ext/767653358/mrf49xa.o
 .debug_line      0x000c4a         0x24 build/default/production/_ext/585513329/rtc.o
 .debug_line      0x000c6e        0x1f7 build/default/production/_ext/585513329/rtos.o
 .debug_line      0x000e65        0x3f0 build/default/production/_ext/585513329/spi.o
 .debug_line      0x001255        0x1c1 build/default/production/_ext/767653358/SST26VF032.o
 .debug_line      0x001416        0x315 build/default/production/_ext/585513329/timer.o
 .debug_line      0x00172b         0x24 build/default/production/_ext/585513329/uart.o
 .debug_line      0x00174f        0x5d7 build/default/production/_ext/1201319415/hal.o
 .debug_line      0x001d26        0x312 build/default/production/_ext/1201319415/rf_task.o
 .debug_line      0x002038        0x36b build/default/production/_ext/1639527791/task.o
 .debug_line      0x0023a3        0x155 build/default/production/_ext/1445274692/timer.o
 .debug_line      0x0024f8        0x39c build/default/production/_ext/2125849857/ccbuf.o
 .debug_line      0x002894        0x422 build/default/production/_ext/1161282060/softI2c.o
 .debug_line      0x002cb6         0x7f build/default/production/_ext/11123685/executiontime.o
 .debug_line      0x002d35        0x2eb build/default/production/_ext/1201319415/packets.o
 .debug_line      0x003020        0xaaf build/default/production/_ext/767653358/enc28j60.o
 .debug_line      0x003acf        0x845 build/default/production/_ext/312626442/tcp.o
 .debug_line      0x004314        0x1a1 build/default/production/_ext/312626442/arp.o
 .debug_line      0x0044b5         0xcd build/default/production/_ext/312626442/icmp.o
 .debug_line      0x004582        0x251 build/default/production/_ext/312626442/ipv4.o
 .debug_line      0x0047d3        0x128 build/default/production/_ext/312626442/ntp.o
 .debug_line      0x0048fb        0x1c3 build/default/production/_ext/312626442/udp.o
 .debug_line      0x004abe        0x5d3 build/default/production/_ext/755928972/router.o
 .debug_line      0x005091        0x217 build/default/production/_ext/767653358/spiArbiter.o

.debug_frame      0x000000       0x10e8
 *(.debug_frame)
 .debug_frame     0x000000        0x114 build/default/production/_ext/1445274692/main.o
 .debug_frame     0x000114         0x74 build/default/production/_ext/585513329/interrupt.o
 .debug_frame     0x000188         0x34 build/default/production/_ext/767653358/mcp9800.o
 .debug_frame     0x0001bc         0xc4 build/default/production/_ext/767653358/mrf49xa.o
 .debug_frame     0x000280         0x74 build/default/production/_ext/585513329/rtos.o
 .debug_frame     0x0002f4         0xb4 build/default/production/_ext/585513329/spi.o
 .debug_frame     0x0003a8         0x54 build/default/production/_ext/767653358/SST26VF032.o
 .debug_frame     0x0003fc         0x64 build/default/production/_ext/585513329/timer.o
 .debug_frame     0x000460         0xa4 build/default/production/_ext/1201319415/hal.o
 .debug_frame     0x000504         0x94 build/default/production/_ext/1201319415/rf_task.o
 .debug_frame     0x000598         0xc4 build/default/production/_ext/1639527791/task.o
 .debug_frame     0x00065c         0x44 build/default/production/_ext/1445274692/timer.o
 .debug_frame     0x0006a0         0xd4 build/default/production/_ext/2125849857/ccbuf.o
 .debug_frame     0x000774         0x84 build/default/production/_ext/1161282060/softI2c.o
 .debug_frame     0x0007f8         0x34 build/default/production/_ext/11123685/executiontime.o
 .debug_frame     0x00082c        0x17c build/default/production/_ext/1201319415/packets.o
 .debug_frame     0x0009a8        0x1c4 build/default/production/_ext/767653358/enc28j60.o
 .debug_frame     0x000b6c         0xf4 build/default/production/_ext/312626442/tcp.o
 .debug_frame     0x000c60         0x64 build/default/production/_ext/312626442/arp.o
 .debug_frame     0x000cc4         0x24 build/default/production/_ext/312626442/icmp.o
 .debug_frame     0x000ce8         0x54 build/default/production/_ext/312626442/ipv4.o
 .debug_frame     0x000d3c         0x44 build/default/production/_ext/312626442/ntp.o
 .debug_frame     0x000d80         0x64 build/default/production/_ext/312626442/udp.o
 .debug_frame     0x000de4        0x290 build/default/production/_ext/755928972/router.o
 .debug_frame     0x001074         0x74 build/default/production/_ext/767653358/spiArbiter.o

.debug_str        0x000000        0x5d1
 *(.debug_str)
 .debug_str       0x000000         0xa1 build/default/production/_ext/1445274692/main.o
 .debug_str       0x0000a1         0x54 build/default/production/_ext/585513329/interrupt.o
 .debug_str       0x0000f5         0x26 build/default/production/_ext/767653358/mrf49xa.o
 .debug_str       0x00011b         0x30 build/default/production/_ext/585513329/rtos.o
 .debug_str       0x00014b         0xab build/default/production/_ext/585513329/spi.o
 .debug_str       0x0001f6         0x1b build/default/production/_ext/767653358/SST26VF032.o
 .debug_str       0x000211         0x2a build/default/production/_ext/585513329/timer.o
 .debug_str       0x00023b         0x4d build/default/production/_ext/1201319415/hal.o
 .debug_str       0x000288         0x59 build/default/production/_ext/1201319415/rf_task.o
 .debug_str       0x0002e1         0x4f build/default/production/_ext/1639527791/task.o
 .debug_str       0x000330         0x33 build/default/production/_ext/1445274692/timer.o
 .debug_str       0x000363          0x6 build/default/production/_ext/2125849857/ccbuf.o
 .debug_str       0x000369         0x1d build/default/production/_ext/1161282060/softI2c.o
 .debug_str       0x000386          0x7 build/default/production/_ext/1201319415/packets.o
 .debug_str       0x00038d         0x24 build/default/production/_ext/767653358/enc28j60.o
 .debug_str       0x0003b1         0x88 build/default/production/_ext/312626442/tcp.o
 .debug_str       0x000439         0x22 build/default/production/_ext/312626442/arp.o
 .debug_str       0x00045b         0x21 build/default/production/_ext/312626442/ipv4.o
 .debug_str       0x00047c         0x1e build/default/production/_ext/312626442/ntp.o
 .debug_str       0x00049a         0x10 build/default/production/_ext/312626442/udp.o
 .debug_str       0x0004aa        0x10a build/default/production/_ext/755928972/router.o
 .debug_str       0x0005b4         0x1d build/default/production/_ext/767653358/spiArbiter.o

.debug_loc
 *(.debug_loc)

.debug_macinfo
 *(.debug_macinfo)

.debug_pubnames
                  0x000000       0x12d8
 *(.debug_pubnames)
 .debug_pubnames
                  0x000000        0x20b build/default/production/_ext/1445274692/main.o
 .debug_pubnames
                  0x00020b         0x7a build/default/production/_ext/585513329/interrupt.o
 .debug_pubnames
                  0x000285         0x33 build/default/production/_ext/767653358/mcp9800.o
 .debug_pubnames
                  0x0002b8         0xce build/default/production/_ext/767653358/mrf49xa.o
 .debug_pubnames
                  0x000386         0xb1 build/default/production/_ext/585513329/rtos.o
 .debug_pubnames
                  0x000437         0x9d build/default/production/_ext/585513329/spi.o
 .debug_pubnames
                  0x0004d4         0x50 build/default/production/_ext/767653358/SST26VF032.o
 .debug_pubnames
                  0x000524         0x8a build/default/production/_ext/585513329/timer.o
 .debug_pubnames
                  0x0005ae         0xf2 build/default/production/_ext/1201319415/hal.o
 .debug_pubnames
                  0x0006a0         0x70 build/default/production/_ext/1201319415/rf_task.o
 .debug_pubnames
                  0x000710        0x15a build/default/production/_ext/1639527791/task.o
 .debug_pubnames
                  0x00086a         0x78 build/default/production/_ext/1445274692/timer.o
 .debug_pubnames
                  0x0008e2         0xd3 build/default/production/_ext/2125849857/ccbuf.o
 .debug_pubnames
                  0x0009b5         0x8f build/default/production/_ext/1161282060/softI2c.o
 .debug_pubnames
                  0x000a44         0x36 build/default/production/_ext/11123685/executiontime.o
 .debug_pubnames
                  0x000a7a         0x98 build/default/production/_ext/1201319415/packets.o
 .debug_pubnames
                  0x000b12        0x2e2 build/default/production/_ext/767653358/enc28j60.o
 .debug_pubnames
                  0x000df4        0x13e build/default/production/_ext/312626442/tcp.o
 .debug_pubnames
                  0x000f32         0x7e build/default/production/_ext/312626442/arp.o
 .debug_pubnames
                  0x000fb0         0x27 build/default/production/_ext/312626442/icmp.o
 .debug_pubnames
                  0x000fd7         0x5a build/default/production/_ext/312626442/ipv4.o
 .debug_pubnames
                  0x001031         0x67 build/default/production/_ext/312626442/ntp.o
 .debug_pubnames
                  0x001098         0x78 build/default/production/_ext/312626442/udp.o
 .debug_pubnames
                  0x001110        0x11b build/default/production/_ext/755928972/router.o
 .debug_pubnames
                  0x00122b         0xad build/default/production/_ext/767653358/spiArbiter.o

.debug_ranges
 *(.debug_ranges)

.debug_aranges    0x000000        0x278
 *(.debug_aranges)
 .debug_aranges
                  0x000000         0x20 build/default/production/_ext/2059971085/context.o
 .debug_aranges
                  0x000020         0x18 build/default/production/_ext/1445274692/main.o
 .debug_aranges
                  0x000038         0x18 build/default/production/_ext/585513329/interrupt.o
 .debug_aranges
                  0x000050         0x18 build/default/production/_ext/767653358/mcp9800.o
 .debug_aranges
                  0x000068         0x18 build/default/production/_ext/767653358/mrf49xa.o
 .debug_aranges
                  0x000080         0x18 build/default/production/_ext/585513329/rtos.o
 .debug_aranges
                  0x000098         0x18 build/default/production/_ext/585513329/spi.o
 .debug_aranges
                  0x0000b0         0x18 build/default/production/_ext/767653358/SST26VF032.o
 .debug_aranges
                  0x0000c8         0x18 build/default/production/_ext/585513329/timer.o
 .debug_aranges
                  0x0000e0         0x18 build/default/production/_ext/1201319415/hal.o
 .debug_aranges
                  0x0000f8         0x18 build/default/production/_ext/1201319415/rf_task.o
 .debug_aranges
                  0x000110         0x18 build/default/production/_ext/1639527791/task.o
 .debug_aranges
                  0x000128         0x18 build/default/production/_ext/1445274692/timer.o
 .debug_aranges
                  0x000140         0x18 build/default/production/_ext/2125849857/ccbuf.o
 .debug_aranges
                  0x000158         0x18 build/default/production/_ext/1161282060/softI2c.o
 .debug_aranges
                  0x000170         0x18 build/default/production/_ext/11123685/executiontime.o
 .debug_aranges
                  0x000188         0x18 build/default/production/_ext/1201319415/packets.o
 .debug_aranges
                  0x0001a0         0x18 build/default/production/_ext/767653358/enc28j60.o
 .debug_aranges
                  0x0001b8         0x18 build/default/production/_ext/312626442/tcp.o
 .debug_aranges
                  0x0001d0         0x18 build/default/production/_ext/312626442/arp.o
 .debug_aranges
                  0x0001e8         0x18 build/default/production/_ext/312626442/icmp.o
 .debug_aranges
                  0x000200         0x18 build/default/production/_ext/312626442/ipv4.o
 .debug_aranges
                  0x000218         0x18 build/default/production/_ext/312626442/ntp.o
 .debug_aranges
                  0x000230         0x18 build/default/production/_ext/312626442/udp.o
 .debug_aranges
                  0x000248         0x18 build/default/production/_ext/755928972/router.o
 .debug_aranges
                  0x000260         0x18 build/default/production/_ext/767653358/spiArbiter.o

.ivt              0x000004         0xfc
                  0x000004          0x4 LONG 0x2d8 DEFINED (__ReservedTrap0)?ABSOLUTE (__ReservedTrap0):ABSOLUTE (__DefaultInterrupt)
                  0x000006          0x4 LONG 0x2d8 DEFINED (__OscillatorFail)?ABSOLUTE (__OscillatorFail):ABSOLUTE (__DefaultInterrupt)
                  0x000008          0x4 LONG 0x467a DEFINED (__AddressError)?ABSOLUTE (__AddressError):ABSOLUTE (__DefaultInterrupt)
                  0x00000a          0x4 LONG 0x4686 DEFINED (__StackError)?ABSOLUTE (__StackError):ABSOLUTE (__DefaultInterrupt)
                  0x00000c          0x4 LONG 0x4688 DEFINED (__MathError)?ABSOLUTE (__MathError):ABSOLUTE (__DefaultInterrupt)
                  0x00000e          0x4 LONG 0x2d8 DEFINED (__ReservedTrap5)?ABSOLUTE (__ReservedTrap5):ABSOLUTE (__DefaultInterrupt)
                  0x000010          0x4 LONG 0x2d8 DEFINED (__ReservedTrap6)?ABSOLUTE (__ReservedTrap6):ABSOLUTE (__DefaultInterrupt)
                  0x000012          0x4 LONG 0x2d8 DEFINED (__ReservedTrap7)?ABSOLUTE (__ReservedTrap7):ABSOLUTE (__DefaultInterrupt)
                  0x000014          0x4 LONG 0x4a94 DEFINED (__INT0Interrupt)?ABSOLUTE (__INT0Interrupt):ABSOLUTE (__DefaultInterrupt)
                  0x000016          0x4 LONG 0x2d8 DEFINED (__IC1Interrupt)?ABSOLUTE (__IC1Interrupt):ABSOLUTE (__DefaultInterrupt)
                  0x000018          0x4 LONG 0x2d8 DEFINED (__OC1Interrupt)?ABSOLUTE (__OC1Interrupt):ABSOLUTE (__DefaultInterrupt)
                  0x00001a          0x4 LONG 0x4c08 DEFINED (__T1Interrupt)?ABSOLUTE (__T1Interrupt):ABSOLUTE (__DefaultInterrupt)
                  0x00001c          0x4 LONG 0x2d8 DEFINED (__Interrupt4)?ABSOLUTE (__Interrupt4):ABSOLUTE (__DefaultInterrupt)
                  0x00001e          0x4 LONG 0x2d8 DEFINED (__IC2Interrupt)?ABSOLUTE (__IC2Interrupt):ABSOLUTE (__DefaultInterrupt)
                  0x000020          0x4 LONG 0x2d8 DEFINED (__OC2Interrupt)?ABSOLUTE (__OC2Interrupt):ABSOLUTE (__DefaultInterrupt)
                  0x000022          0x4 LONG 0x2d8 DEFINED (__T2Interrupt)?ABSOLUTE (__T2Interrupt):ABSOLUTE (__DefaultInterrupt)
                  0x000024          0x4 LONG 0x2d8 DEFINED (__T3Interrupt)?ABSOLUTE (__T3Interrupt):ABSOLUTE (__DefaultInterrupt)
                  0x000026          0x4 LONG 0x2d8 DEFINED (__SPI1ErrInterrupt)?ABSOLUTE (__SPI1ErrInterrupt):ABSOLUTE (__DefaultInterrupt)
                  0x000028          0x4 LONG 0x2d8 DEFINED (__SPI1Interrupt)?ABSOLUTE (__SPI1Interrupt):ABSOLUTE (__DefaultInterrupt)
                  0x00002a          0x4 LONG 0x2d8 DEFINED (__U1RXInterrupt)?ABSOLUTE (__U1RXInterrupt):ABSOLUTE (__DefaultInterrupt)
                  0x00002c          0x4 LONG 0x2d8 DEFINED (__U1TXInterrupt)?ABSOLUTE (__U1TXInterrupt):ABSOLUTE (__DefaultInterrupt)
                  0x00002e          0x4 LONG 0x2d8 DEFINED (__ADC1Interrupt)?ABSOLUTE (__ADC1Interrupt):ABSOLUTE (__DefaultInterrupt)
                  0x000030          0x4 LONG 0x2d8 DEFINED (__Interrupt14)?ABSOLUTE (__Interrupt14):ABSOLUTE (__DefaultInterrupt)
                  0x000032          0x4 LONG 0x2d8 DEFINED (__Interrupt15)?ABSOLUTE (__Interrupt15):ABSOLUTE (__DefaultInterrupt)
                  0x000034          0x4 LONG 0x2d8 DEFINED (__SI2C1Interrupt)?ABSOLUTE (__SI2C1Interrupt):ABSOLUTE (__DefaultInterrupt)
                  0x000036          0x4 LONG 0x2d8 DEFINED (__MI2C1Interrupt)?ABSOLUTE (__MI2C1Interrupt):ABSOLUTE (__DefaultInterrupt)
                  0x000038          0x4 LONG 0x2d8 DEFINED (__CompInterrupt)?ABSOLUTE (__CompInterrupt):ABSOLUTE (__DefaultInterrupt)
                  0x00003a          0x4 LONG 0x2d8 DEFINED (__CNInterrupt)?ABSOLUTE (__CNInterrupt):ABSOLUTE (__DefaultInterrupt)
                  0x00003c          0x4 LONG 0x4ab6 DEFINED (__INT1Interrupt)?ABSOLUTE (__INT1Interrupt):ABSOLUTE (__DefaultInterrupt)
                  0x00003e          0x4 LONG 0x2d8 DEFINED (__Interrupt21)?ABSOLUTE (__Interrupt21):ABSOLUTE (__DefaultInterrupt)
                  0x000040          0x4 LONG 0x2d8 DEFINED (__Interrupt22)?ABSOLUTE (__Interrupt22):ABSOLUTE (__DefaultInterrupt)
                  0x000042          0x4 LONG 0x2d8 DEFINED (__Interrupt23)?ABSOLUTE (__Interrupt23):ABSOLUTE (__DefaultInterrupt)
                  0x000044          0x4 LONG 0x2d8 DEFINED (__Interrupt24)?ABSOLUTE (__Interrupt24):ABSOLUTE (__DefaultInterrupt)
                  0x000046          0x4 LONG 0x2d8 DEFINED (__OC3Interrupt)?ABSOLUTE (__OC3Interrupt):ABSOLUTE (__DefaultInterrupt)
                  0x000048          0x4 LONG 0x2d8 DEFINED (__OC4Interrupt)?ABSOLUTE (__OC4Interrupt):ABSOLUTE (__DefaultInterrupt)
                  0x00004a          0x4 LONG 0x2d8 DEFINED (__T4Interrupt)?ABSOLUTE (__T4Interrupt):ABSOLUTE (__DefaultInterrupt)
                  0x00004c          0x4 LONG 0x5302 DEFINED (__T5Interrupt)?ABSOLUTE (__T5Interrupt):ABSOLUTE (__DefaultInterrupt)
                  0x00004e          0x4 LONG 0x4ad8 DEFINED (__INT2Interrupt)?ABSOLUTE (__INT2Interrupt):ABSOLUTE (__DefaultInterrupt)
                  0x000050          0x4 LONG 0x2d8 DEFINED (__U2RXInterrupt)?ABSOLUTE (__U2RXInterrupt):ABSOLUTE (__DefaultInterrupt)
                  0x000052          0x4 LONG 0x2d8 DEFINED (__U2TXInterrupt)?ABSOLUTE (__U2TXInterrupt):ABSOLUTE (__DefaultInterrupt)
                  0x000054          0x4 LONG 0x2d8 DEFINED (__SPI2ErrInterrupt)?ABSOLUTE (__SPI2ErrInterrupt):ABSOLUTE (__DefaultInterrupt)
                  0x000056          0x4 LONG 0x2d8 DEFINED (__SPI2Interrupt)?ABSOLUTE (__SPI2Interrupt):ABSOLUTE (__DefaultInterrupt)
                  0x000058          0x4 LONG 0x2d8 DEFINED (__Interrupt34)?ABSOLUTE (__Interrupt34):ABSOLUTE (__DefaultInterrupt)
                  0x00005a          0x4 LONG 0x2d8 DEFINED (__Interrupt35)?ABSOLUTE (__Interrupt35):ABSOLUTE (__DefaultInterrupt)
                  0x00005c          0x4 LONG 0x2d8 DEFINED (__Interrupt36)?ABSOLUTE (__Interrupt36):ABSOLUTE (__DefaultInterrupt)
                  0x00005e          0x4 LONG 0x2d8 DEFINED (__IC3Interrupt)?ABSOLUTE (__IC3Interrupt):ABSOLUTE (__DefaultInterrupt)
                  0x000060          0x4 LONG 0x2d8 DEFINED (__IC4Interrupt)?ABSOLUTE (__IC4Interrupt):ABSOLUTE (__DefaultInterrupt)
                  0x000062          0x4 LONG 0x2d8 DEFINED (__IC5Interrupt)?ABSOLUTE (__IC5Interrupt):ABSOLUTE (__DefaultInterrupt)
                  0x000064          0x4 LONG 0x2d8 DEFINED (__Interrupt40)?ABSOLUTE (__Interrupt40):ABSOLUTE (__DefaultInterrupt)
                  0x000066          0x4 LONG 0x2d8 DEFINED (__OC5Interrupt)?ABSOLUTE (__OC5Interrupt):ABSOLUTE (__DefaultInterrupt)
                  0x000068          0x4 LONG 0x2d8 DEFINED (__Interrupt42)?ABSOLUTE (__Interrupt42):ABSOLUTE (__DefaultInterrupt)
                  0x00006a          0x4 LONG 0x2d8 DEFINED (__Interrupt43)?ABSOLUTE (__Interrupt43):ABSOLUTE (__DefaultInterrupt)
                  0x00006c          0x4 LONG 0x2d8 DEFINED (__Interrupt44)?ABSOLUTE (__Interrupt44):ABSOLUTE (__DefaultInterrupt)
                  0x00006e          0x4 LONG 0x2d8 DEFINED (__PMPInterrupt)?ABSOLUTE (__PMPInterrupt):ABSOLUTE (__DefaultInterrupt)
                  0x000070          0x4 LONG 0x2d8 DEFINED (__Interrupt46)?ABSOLUTE (__Interrupt46):ABSOLUTE (__DefaultInterrupt)
                  0x000072          0x4 LONG 0x2d8 DEFINED (__Interrupt47)?ABSOLUTE (__Interrupt47):ABSOLUTE (__DefaultInterrupt)
                  0x000074          0x4 LONG 0x2d8 DEFINED (__Interrupt48)?ABSOLUTE (__Interrupt48):ABSOLUTE (__DefaultInterrupt)
                  0x000076          0x4 LONG 0x2d8 DEFINED (__SI2C2Interrupt)?ABSOLUTE (__SI2C2Interrupt):ABSOLUTE (__DefaultInterrupt)
                  0x000078          0x4 LONG 0x2d8 DEFINED (__MI2C2Interrupt)?ABSOLUTE (__MI2C2Interrupt):ABSOLUTE (__DefaultInterrupt)
                  0x00007a          0x4 LONG 0x2d8 DEFINED (__Interrupt51)?ABSOLUTE (__Interrupt51):ABSOLUTE (__DefaultInterrupt)
                  0x00007c          0x4 LONG 0x2d8 DEFINED (__Interrupt52)?ABSOLUTE (__Interrupt52):ABSOLUTE (__DefaultInterrupt)
                  0x00007e          0x4 LONG 0x2d8 DEFINED (__Interrupt53)?ABSOLUTE (__Interrupt53):ABSOLUTE (__DefaultInterrupt)
                  0x000080          0x4 LONG 0x2d8 DEFINED (__Interrupt54)?ABSOLUTE (__Interrupt54):ABSOLUTE (__DefaultInterrupt)
                  0x000082          0x4 LONG 0x2d8 DEFINED (__Interrupt55)?ABSOLUTE (__Interrupt55):ABSOLUTE (__DefaultInterrupt)
                  0x000084          0x4 LONG 0x2d8 DEFINED (__Interrupt56)?ABSOLUTE (__Interrupt56):ABSOLUTE (__DefaultInterrupt)
                  0x000086          0x4 LONG 0x2d8 DEFINED (__Interrupt57)?ABSOLUTE (__Interrupt57):ABSOLUTE (__DefaultInterrupt)
                  0x000088          0x4 LONG 0x2d8 DEFINED (__Interrupt58)?ABSOLUTE (__Interrupt58):ABSOLUTE (__DefaultInterrupt)
                  0x00008a          0x4 LONG 0x2d8 DEFINED (__Interrupt59)?ABSOLUTE (__Interrupt59):ABSOLUTE (__DefaultInterrupt)
                  0x00008c          0x4 LONG 0x2d8 DEFINED (__Interrupt60)?ABSOLUTE (__Interrupt60):ABSOLUTE (__DefaultInterrupt)
                  0x00008e          0x4 LONG 0x2d8 DEFINED (__Interrupt61)?ABSOLUTE (__Interrupt61):ABSOLUTE (__DefaultInterrupt)
                  0x000090          0x4 LONG 0x2d8 DEFINED (__RTCCInterrupt)?ABSOLUTE (__RTCCInterrupt):ABSOLUTE (__DefaultInterrupt)
                  0x000092          0x4 LONG 0x2d8 DEFINED (__Interrupt63)?ABSOLUTE (__Interrupt63):ABSOLUTE (__DefaultInterrupt)
                  0x000094          0x4 LONG 0x2d8 DEFINED (__Interrupt64)?ABSOLUTE (__Interrupt64):ABSOLUTE (__DefaultInterrupt)
                  0x000096          0x4 LONG 0x2d8 DEFINED (__U1ErrInterrupt)?ABSOLUTE (__U1ErrInterrupt):ABSOLUTE (__DefaultInterrupt)
                  0x000098          0x4 LONG 0x2d8 DEFINED (__U2ErrInterrupt)?ABSOLUTE (__U2ErrInterrupt):ABSOLUTE (__DefaultInterrupt)
                  0x00009a          0x4 LONG 0x2d8 DEFINED (__CRCInterrupt)?ABSOLUTE (__CRCInterrupt):ABSOLUTE (__DefaultInterrupt)
                  0x00009c          0x4 LONG 0x2d8 DEFINED (__Interrupt68)?ABSOLUTE (__Interrupt68):ABSOLUTE (__DefaultInterrupt)
                  0x00009e          0x4 LONG 0x2d8 DEFINED (__Interrupt69)?ABSOLUTE (__Interrupt69):ABSOLUTE (__DefaultInterrupt)
                  0x0000a0          0x4 LONG 0x2d8 DEFINED (__Interrupt70)?ABSOLUTE (__Interrupt70):ABSOLUTE (__DefaultInterrupt)
                  0x0000a2          0x4 LONG 0x2d8 DEFINED (__Interrupt71)?ABSOLUTE (__Interrupt71):ABSOLUTE (__DefaultInterrupt)
                  0x0000a4          0x4 LONG 0x2d8 DEFINED (__LVDInterrupt)?ABSOLUTE (__LVDInterrupt):ABSOLUTE (__DefaultInterrupt)
                  0x0000a6          0x4 LONG 0x2d8 DEFINED (__Interrupt73)?ABSOLUTE (__Interrupt73):ABSOLUTE (__DefaultInterrupt)
                  0x0000a8          0x4 LONG 0x2d8 DEFINED (__Interrupt74)?ABSOLUTE (__Interrupt74):ABSOLUTE (__DefaultInterrupt)
                  0x0000aa          0x4 LONG 0x2d8 DEFINED (__Interrupt75)?ABSOLUTE (__Interrupt75):ABSOLUTE (__DefaultInterrupt)
                  0x0000ac          0x4 LONG 0x2d8 DEFINED (__Interrupt76)?ABSOLUTE (__Interrupt76):ABSOLUTE (__DefaultInterrupt)
                  0x0000ae          0x4 LONG 0x2d8 DEFINED (__CTMUInterrupt)?ABSOLUTE (__CTMUInterrupt):ABSOLUTE (__DefaultInterrupt)
                  0x0000b0          0x4 LONG 0x2d8 DEFINED (__Interrupt78)?ABSOLUTE (__Interrupt78):ABSOLUTE (__DefaultInterrupt)
                  0x0000b2          0x4 LONG 0x2d8 DEFINED (__Interrupt79)?ABSOLUTE (__Interrupt79):ABSOLUTE (__DefaultInterrupt)
                  0x0000b4          0x4 LONG 0x2d8 DEFINED (__Interrupt80)?ABSOLUTE (__Interrupt80):ABSOLUTE (__DefaultInterrupt)
                  0x0000b6          0x4 LONG 0x2d8 DEFINED (__Interrupt81)?ABSOLUTE (__Interrupt81):ABSOLUTE (__DefaultInterrupt)
                  0x0000b8          0x4 LONG 0x2d8 DEFINED (__Interrupt82)?ABSOLUTE (__Interrupt82):ABSOLUTE (__DefaultInterrupt)
                  0x0000ba          0x4 LONG 0x2d8 DEFINED (__Interrupt83)?ABSOLUTE (__Interrupt83):ABSOLUTE (__DefaultInterrupt)
                  0x0000bc          0x4 LONG 0x2d8 DEFINED (__Interrupt84)?ABSOLUTE (__Interrupt84):ABSOLUTE (__DefaultInterrupt)
                  0x0000be          0x4 LONG 0x2d8 DEFINED (__Interrupt85)?ABSOLUTE (__Interrupt85):ABSOLUTE (__DefaultInterrupt)
                  0x0000c0          0x4 LONG 0x2d8 DEFINED (__USB1Interrupt)?ABSOLUTE (__USB1Interrupt):ABSOLUTE (__DefaultInterrupt)
                  0x0000c2          0x4 LONG 0x2d8 DEFINED (__Interrupt87)?ABSOLUTE (__Interrupt87):ABSOLUTE (__DefaultInterrupt)
                  0x0000c4          0x4 LONG 0x2d8 DEFINED (__Interrupt88)?ABSOLUTE (__Interrupt88):ABSOLUTE (__DefaultInterrupt)
                  0x0000c6          0x4 LONG 0x2d8 DEFINED (__Interrupt89)?ABSOLUTE (__Interrupt89):ABSOLUTE (__DefaultInterrupt)
                  0x0000c8          0x4 LONG 0x2d8 DEFINED (__Interrupt90)?ABSOLUTE (__Interrupt90):ABSOLUTE (__DefaultInterrupt)
                  0x0000ca          0x4 LONG 0x2d8 DEFINED (__Interrupt91)?ABSOLUTE (__Interrupt91):ABSOLUTE (__DefaultInterrupt)
                  0x0000cc          0x4 LONG 0x2d8 DEFINED (__Interrupt92)?ABSOLUTE (__Interrupt92):ABSOLUTE (__DefaultInterrupt)
                  0x0000ce          0x4 LONG 0x2d8 DEFINED (__Interrupt93)?ABSOLUTE (__Interrupt93):ABSOLUTE (__DefaultInterrupt)
                  0x0000d0          0x4 LONG 0x2d8 DEFINED (__Interrupt94)?ABSOLUTE (__Interrupt94):ABSOLUTE (__DefaultInterrupt)
                  0x0000d2          0x4 LONG 0x2d8 DEFINED (__Interrupt95)?ABSOLUTE (__Interrupt95):ABSOLUTE (__DefaultInterrupt)
                  0x0000d4          0x4 LONG 0x2d8 DEFINED (__Interrupt96)?ABSOLUTE (__Interrupt96):ABSOLUTE (__DefaultInterrupt)
                  0x0000d6          0x4 LONG 0x2d8 DEFINED (__Interrupt97)?ABSOLUTE (__Interrupt97):ABSOLUTE (__DefaultInterrupt)
                  0x0000d8          0x4 LONG 0x2d8 DEFINED (__Interrupt98)?ABSOLUTE (__Interrupt98):ABSOLUTE (__DefaultInterrupt)
                  0x0000da          0x4 LONG 0x2d8 DEFINED (__Interrupt99)?ABSOLUTE (__Interrupt99):ABSOLUTE (__DefaultInterrupt)
                  0x0000dc          0x4 LONG 0x2d8 DEFINED (__Interrupt100)?ABSOLUTE (__Interrupt100):ABSOLUTE (__DefaultInterrupt)
                  0x0000de          0x4 LONG 0x2d8 DEFINED (__Interrupt101)?ABSOLUTE (__Interrupt101):ABSOLUTE (__DefaultInterrupt)
                  0x0000e0          0x4 LONG 0x2d8 DEFINED (__Interrupt102)?ABSOLUTE (__Interrupt102):ABSOLUTE (__DefaultInterrupt)
                  0x0000e2          0x4 LONG 0x2d8 DEFINED (__Interrupt103)?ABSOLUTE (__Interrupt103):ABSOLUTE (__DefaultInterrupt)
                  0x0000e4          0x4 LONG 0x2d8 DEFINED (__Interrupt104)?ABSOLUTE (__Interrupt104):ABSOLUTE (__DefaultInterrupt)
                  0x0000e6          0x4 LONG 0x2d8 DEFINED (__Interrupt105)?ABSOLUTE (__Interrupt105):ABSOLUTE (__DefaultInterrupt)
                  0x0000e8          0x4 LONG 0x2d8 DEFINED (__Interrupt106)?ABSOLUTE (__Interrupt106):ABSOLUTE (__DefaultInterrupt)
                  0x0000ea          0x4 LONG 0x2d8 DEFINED (__Interrupt107)?ABSOLUTE (__Interrupt107):ABSOLUTE (__DefaultInterrupt)
                  0x0000ec          0x4 LONG 0x2d8 DEFINED (__Interrupt108)?ABSOLUTE (__Interrupt108):ABSOLUTE (__DefaultInterrupt)
                  0x0000ee          0x4 LONG 0x2d8 DEFINED (__Interrupt109)?ABSOLUTE (__Interrupt109):ABSOLUTE (__DefaultInterrupt)
                  0x0000f0          0x4 LONG 0x2d8 DEFINED (__Interrupt110)?ABSOLUTE (__Interrupt110):ABSOLUTE (__DefaultInterrupt)
                  0x0000f2          0x4 LONG 0x2d8 DEFINED (__Interrupt111)?ABSOLUTE (__Interrupt111):ABSOLUTE (__DefaultInterrupt)
                  0x0000f4          0x4 LONG 0x2d8 DEFINED (__Interrupt112)?ABSOLUTE (__Interrupt112):ABSOLUTE (__DefaultInterrupt)
                  0x0000f6          0x4 LONG 0x2d8 DEFINED (__Interrupt113)?ABSOLUTE (__Interrupt113):ABSOLUTE (__DefaultInterrupt)
                  0x0000f8          0x4 LONG 0x2d8 DEFINED (__Interrupt114)?ABSOLUTE (__Interrupt114):ABSOLUTE (__DefaultInterrupt)
                  0x0000fa          0x4 LONG 0x2d8 DEFINED (__Interrupt115)?ABSOLUTE (__Interrupt115):ABSOLUTE (__DefaultInterrupt)
                  0x0000fc          0x4 LONG 0x2d8 DEFINED (__Interrupt116)?ABSOLUTE (__Interrupt116):ABSOLUTE (__DefaultInterrupt)
                  0x0000fe          0x4 LONG 0x2d8 DEFINED (__Interrupt117)?ABSOLUTE (__Interrupt117):ABSOLUTE (__DefaultInterrupt)

.aivt             0x000104         0xfc
                  0x000104          0x4 LONG 0x2d8 DEFINED (__AltReservedTrap0)?ABSOLUTE (__AltReservedTrap0):DEFINED (__ReservedTrap0)?ABSOLUTE (__ReservedTrap0):ABSOLUTE (__DefaultInterrupt)
                  0x000106          0x4 LONG 0x2d8 DEFINED (__AltOscillatorFail)?ABSOLUTE (__AltOscillatorFail):DEFINED (__OscillatorFail)?ABSOLUTE (__OscillatorFail):ABSOLUTE (__DefaultInterrupt)
                  0x000108          0x4 LONG 0x467a DEFINED (__AltAddressError)?ABSOLUTE (__AltAddressError):DEFINED (__AddressError)?ABSOLUTE (__AddressError):ABSOLUTE (__DefaultInterrupt)
                  0x00010a          0x4 LONG 0x4686 DEFINED (__AltStackError)?ABSOLUTE (__AltStackError):DEFINED (__StackError)?ABSOLUTE (__StackError):ABSOLUTE (__DefaultInterrupt)
                  0x00010c          0x4 LONG 0x4688 DEFINED (__AltMathError)?ABSOLUTE (__AltMathError):DEFINED (__MathError)?ABSOLUTE (__MathError):ABSOLUTE (__DefaultInterrupt)
                  0x00010e          0x4 LONG 0x2d8 DEFINED (__AltReservedTrap5)?ABSOLUTE (__AltReservedTrap5):DEFINED (__ReservedTrap5)?ABSOLUTE (__ReservedTrap5):ABSOLUTE (__DefaultInterrupt)
                  0x000110          0x4 LONG 0x2d8 DEFINED (__AltReservedTrap6)?ABSOLUTE (__AltReservedTrap6):DEFINED (__ReservedTrap6)?ABSOLUTE (__ReservedTrap6):ABSOLUTE (__DefaultInterrupt)
                  0x000112          0x4 LONG 0x2d8 DEFINED (__AltReservedTrap7)?ABSOLUTE (__AltReservedTrap7):DEFINED (__ReservedTrap7)?ABSOLUTE (__ReservedTrap7):ABSOLUTE (__DefaultInterrupt)
                  0x000114          0x4 LONG 0x4a94 DEFINED (__AltINT0Interrupt)?ABSOLUTE (__AltINT0Interrupt):DEFINED (__INT0Interrupt)?ABSOLUTE (__INT0Interrupt):ABSOLUTE (__DefaultInterrupt)
                  0x000116          0x4 LONG 0x2d8 DEFINED (__AltIC1Interrupt)?ABSOLUTE (__AltIC1Interrupt):DEFINED (__IC1Interrupt)?ABSOLUTE (__IC1Interrupt):ABSOLUTE (__DefaultInterrupt)
                  0x000118          0x4 LONG 0x2d8 DEFINED (__AltOC1Interrupt)?ABSOLUTE (__AltOC1Interrupt):DEFINED (__OC1Interrupt)?ABSOLUTE (__OC1Interrupt):ABSOLUTE (__DefaultInterrupt)
                  0x00011a          0x4 LONG 0x4c08 DEFINED (__AltT1Interrupt)?ABSOLUTE (__AltT1Interrupt):DEFINED (__T1Interrupt)?ABSOLUTE (__T1Interrupt):ABSOLUTE (__DefaultInterrupt)
                  0x00011c          0x4 LONG 0x2d8 DEFINED (__AltInterrupt4)?ABSOLUTE (__AltInterrupt4):DEFINED (__Interrupt4)?ABSOLUTE (__Interrupt4):ABSOLUTE (__DefaultInterrupt)
                  0x00011e          0x4 LONG 0x2d8 DEFINED (__AltIC2Interrupt)?ABSOLUTE (__AltIC2Interrupt):DEFINED (__IC2Interrupt)?ABSOLUTE (__IC2Interrupt):ABSOLUTE (__DefaultInterrupt)
                  0x000120          0x4 LONG 0x2d8 DEFINED (__AltOC2Interrupt)?ABSOLUTE (__AltOC2Interrupt):DEFINED (__OC2Interrupt)?ABSOLUTE (__OC2Interrupt):ABSOLUTE (__DefaultInterrupt)
                  0x000122          0x4 LONG 0x2d8 DEFINED (__AltT2Interrupt)?ABSOLUTE (__AltT2Interrupt):DEFINED (__T2Interrupt)?ABSOLUTE (__T2Interrupt):ABSOLUTE (__DefaultInterrupt)
                  0x000124          0x4 LONG 0x2d8 DEFINED (__AltT3Interrupt)?ABSOLUTE (__AltT3Interrupt):DEFINED (__T3Interrupt)?ABSOLUTE (__T3Interrupt):ABSOLUTE (__DefaultInterrupt)
                  0x000126          0x4 LONG 0x2d8 DEFINED (__AltSPI1ErrInterrupt)?ABSOLUTE (__AltSPI1ErrInterrupt):DEFINED (__SPI1ErrInterrupt)?ABSOLUTE (__SPI1ErrInterrupt):ABSOLUTE (__DefaultInterrupt)
                  0x000128          0x4 LONG 0x2d8 DEFINED (__AltSPI1Interrupt)?ABSOLUTE (__AltSPI1Interrupt):DEFINED (__SPI1Interrupt)?ABSOLUTE (__SPI1Interrupt):ABSOLUTE (__DefaultInterrupt)
                  0x00012a          0x4 LONG 0x2d8 DEFINED (__AltU1RXInterrupt)?ABSOLUTE (__AltU1RXInterrupt):DEFINED (__U1RXInterrupt)?ABSOLUTE (__U1RXInterrupt):ABSOLUTE (__DefaultInterrupt)
                  0x00012c          0x4 LONG 0x2d8 DEFINED (__AltU1TXInterrupt)?ABSOLUTE (__AltU1TXInterrupt):DEFINED (__U1TXInterrupt)?ABSOLUTE (__U1TXInterrupt):ABSOLUTE (__DefaultInterrupt)
                  0x00012e          0x4 LONG 0x2d8 DEFINED (__AltADC1Interrupt)?ABSOLUTE (__AltADC1Interrupt):DEFINED (__ADC1Interrupt)?ABSOLUTE (__ADC1Interrupt):ABSOLUTE (__DefaultInterrupt)
                  0x000130          0x4 LONG 0x2d8 DEFINED (__AltInterrupt14)?ABSOLUTE (__AltInterrupt14):DEFINED (__Interrupt14)?ABSOLUTE (__Interrupt14):ABSOLUTE (__DefaultInterrupt)
                  0x000132          0x4 LONG 0x2d8 DEFINED (__AltInterrupt15)?ABSOLUTE (__AltInterrupt15):DEFINED (__Interrupt15)?ABSOLUTE (__Interrupt15):ABSOLUTE (__DefaultInterrupt)
                  0x000134          0x4 LONG 0x2d8 DEFINED (__AltSI2C1Interrupt)?ABSOLUTE (__AltSI2C1Interrupt):DEFINED (__SI2C1Interrupt)?ABSOLUTE (__SI2C1Interrupt):ABSOLUTE (__DefaultInterrupt)
                  0x000136          0x4 LONG 0x2d8 DEFINED (__AltMI2C1Interrupt)?ABSOLUTE (__AltMI2C1Interrupt):DEFINED (__MI2C1Interrupt)?ABSOLUTE (__MI2C1Interrupt):ABSOLUTE (__DefaultInterrupt)
                  0x000138          0x4 LONG 0x2d8 DEFINED (__AltCompInterrupt)?ABSOLUTE (__AltCompInterrupt):DEFINED (__CompInterrupt)?ABSOLUTE (__CompInterrupt):ABSOLUTE (__DefaultInterrupt)
                  0x00013a          0x4 LONG 0x2d8 DEFINED (__AltCNInterrupt)?ABSOLUTE (__AltCNInterrupt):DEFINED (__CNInterrupt)?ABSOLUTE (__CNInterrupt):ABSOLUTE (__DefaultInterrupt)
                  0x00013c          0x4 LONG 0x4ab6 DEFINED (__AltINT1Interrupt)?ABSOLUTE (__AltINT1Interrupt):DEFINED (__INT1Interrupt)?ABSOLUTE (__INT1Interrupt):ABSOLUTE (__DefaultInterrupt)
                  0x00013e          0x4 LONG 0x2d8 DEFINED (__AltInterrupt21)?ABSOLUTE (__AltInterrupt21):DEFINED (__Interrupt21)?ABSOLUTE (__Interrupt21):ABSOLUTE (__DefaultInterrupt)
                  0x000140          0x4 LONG 0x2d8 DEFINED (__AltInterrupt22)?ABSOLUTE (__AltInterrupt22):DEFINED (__Interrupt22)?ABSOLUTE (__Interrupt22):ABSOLUTE (__DefaultInterrupt)
                  0x000142          0x4 LONG 0x2d8 DEFINED (__AltInterrupt23)?ABSOLUTE (__AltInterrupt23):DEFINED (__Interrupt23)?ABSOLUTE (__Interrupt23):ABSOLUTE (__DefaultInterrupt)
                  0x000144          0x4 LONG 0x2d8 DEFINED (__AltInterrupt24)?ABSOLUTE (__AltInterrupt24):DEFINED (__Interrupt24)?ABSOLUTE (__Interrupt24):ABSOLUTE (__DefaultInterrupt)
                  0x000146          0x4 LONG 0x2d8 DEFINED (__AltOC3Interrupt)?ABSOLUTE (__AltOC3Interrupt):DEFINED (__OC3Interrupt)?ABSOLUTE (__OC3Interrupt):ABSOLUTE (__DefaultInterrupt)
                  0x000148          0x4 LONG 0x2d8 DEFINED (__AltOC4Interrupt)?ABSOLUTE (__AltOC4Interrupt):DEFINED (__OC4Interrupt)?ABSOLUTE (__OC4Interrupt):ABSOLUTE (__DefaultInterrupt)
                  0x00014a          0x4 LONG 0x2d8 DEFINED (__AltT4Interrupt)?ABSOLUTE (__AltT4Interrupt):DEFINED (__T4Interrupt)?ABSOLUTE (__T4Interrupt):ABSOLUTE (__DefaultInterrupt)
                  0x00014c          0x4 LONG 0x5302 DEFINED (__AltT5Interrupt)?ABSOLUTE (__AltT5Interrupt):DEFINED (__T5Interrupt)?ABSOLUTE (__T5Interrupt):ABSOLUTE (__DefaultInterrupt)
                  0x00014e          0x4 LONG 0x4ad8 DEFINED (__AltINT2Interrupt)?ABSOLUTE (__AltINT2Interrupt):DEFINED (__INT2Interrupt)?ABSOLUTE (__INT2Interrupt):ABSOLUTE (__DefaultInterrupt)
                  0x000150          0x4 LONG 0x2d8 DEFINED (__AltU2RXInterrupt)?ABSOLUTE (__AltU2RXInterrupt):DEFINED (__U2RXInterrupt)?ABSOLUTE (__U2RXInterrupt):ABSOLUTE (__DefaultInterrupt)
                  0x000152          0x4 LONG 0x2d8 DEFINED (__AltU2TXInterrupt)?ABSOLUTE (__AltU2TXInterrupt):DEFINED (__U2TXInterrupt)?ABSOLUTE (__U2TXInterrupt):ABSOLUTE (__DefaultInterrupt)
                  0x000154          0x4 LONG 0x2d8 DEFINED (__AltSPI2ErrInterrupt)?ABSOLUTE (__AltSPI2ErrInterrupt):DEFINED (__SPI2ErrInterrupt)?ABSOLUTE (__SPI2ErrInterrupt):ABSOLUTE (__DefaultInterrupt)
                  0x000156          0x4 LONG 0x2d8 DEFINED (__AltSPI2Interrupt)?ABSOLUTE (__AltSPI2Interrupt):DEFINED (__SPI2Interrupt)?ABSOLUTE (__SPI2Interrupt):ABSOLUTE (__DefaultInterrupt)
                  0x000158          0x4 LONG 0x2d8 DEFINED (__AltInterrupt34)?ABSOLUTE (__AltInterrupt34):DEFINED (__Interrupt34)?ABSOLUTE (__Interrupt34):ABSOLUTE (__DefaultInterrupt)
                  0x00015a          0x4 LONG 0x2d8 DEFINED (__AltInterrupt35)?ABSOLUTE (__AltInterrupt35):DEFINED (__Interrupt35)?ABSOLUTE (__Interrupt35):ABSOLUTE (__DefaultInterrupt)
                  0x00015c          0x4 LONG 0x2d8 DEFINED (__AltInterrupt36)?ABSOLUTE (__AltInterrupt36):DEFINED (__Interrupt36)?ABSOLUTE (__Interrupt36):ABSOLUTE (__DefaultInterrupt)
                  0x00015e          0x4 LONG 0x2d8 DEFINED (__AltIC3Interrupt)?ABSOLUTE (__AltIC3Interrupt):DEFINED (__IC3Interrupt)?ABSOLUTE (__IC3Interrupt):ABSOLUTE (__DefaultInterrupt)
                  0x000160          0x4 LONG 0x2d8 DEFINED (__AltIC4Interrupt)?ABSOLUTE (__AltIC4Interrupt):DEFINED (__IC4Interrupt)?ABSOLUTE (__IC4Interrupt):ABSOLUTE (__DefaultInterrupt)
                  0x000162          0x4 LONG 0x2d8 DEFINED (__AltIC5Interrupt)?ABSOLUTE (__AltIC5Interrupt):DEFINED (__IC5Interrupt)?ABSOLUTE (__IC5Interrupt):ABSOLUTE (__DefaultInterrupt)
                  0x000164          0x4 LONG 0x2d8 DEFINED (__AltInterrupt40)?ABSOLUTE (__AltInterrupt40):DEFINED (__Interrupt40)?ABSOLUTE (__Interrupt40):ABSOLUTE (__DefaultInterrupt)
                  0x000166          0x4 LONG 0x2d8 DEFINED (__AltOC5Interrupt)?ABSOLUTE (__AltOC5Interrupt):DEFINED (__OC5Interrupt)?ABSOLUTE (__OC5Interrupt):ABSOLUTE (__DefaultInterrupt)
                  0x000168          0x4 LONG 0x2d8 DEFINED (__AltInterrupt42)?ABSOLUTE (__AltInterrupt42):DEFINED (__Interrupt42)?ABSOLUTE (__Interrupt42):ABSOLUTE (__DefaultInterrupt)
                  0x00016a          0x4 LONG 0x2d8 DEFINED (__AltInterrupt43)?ABSOLUTE (__AltInterrupt43):DEFINED (__Interrupt43)?ABSOLUTE (__Interrupt43):ABSOLUTE (__DefaultInterrupt)
                  0x00016c          0x4 LONG 0x2d8 DEFINED (__AltInterrupt44)?ABSOLUTE (__AltInterrupt44):DEFINED (__Interrupt44)?ABSOLUTE (__Interrupt44):ABSOLUTE (__DefaultInterrupt)
                  0x00016e          0x4 LONG 0x2d8 DEFINED (__AltPMPInterrupt)?ABSOLUTE (__AltPMPInterrupt):DEFINED (__PMPInterrupt)?ABSOLUTE (__PMPInterrupt):ABSOLUTE (__DefaultInterrupt)
                  0x000170          0x4 LONG 0x2d8 DEFINED (__AltInterrupt46)?ABSOLUTE (__AltInterrupt46):DEFINED (__Interrupt46)?ABSOLUTE (__Interrupt46):ABSOLUTE (__DefaultInterrupt)
                  0x000172          0x4 LONG 0x2d8 DEFINED (__AltInterrupt47)?ABSOLUTE (__AltInterrupt47):DEFINED (__Interrupt47)?ABSOLUTE (__Interrupt47):ABSOLUTE (__DefaultInterrupt)
                  0x000174          0x4 LONG 0x2d8 DEFINED (__AltInterrupt48)?ABSOLUTE (__AltInterrupt48):DEFINED (__Interrupt48)?ABSOLUTE (__Interrupt48):ABSOLUTE (__DefaultInterrupt)
                  0x000176          0x4 LONG 0x2d8 DEFINED (__AltSI2C2Interrupt)?ABSOLUTE (__AltSI2C2Interrupt):DEFINED (__SI2C2Interrupt)?ABSOLUTE (__SI2C2Interrupt):ABSOLUTE (__DefaultInterrupt)
                  0x000178          0x4 LONG 0x2d8 DEFINED (__AltMI2C2Interrupt)?ABSOLUTE (__AltMI2C2Interrupt):DEFINED (__MI2C2Interrupt)?ABSOLUTE (__MI2C2Interrupt):ABSOLUTE (__DefaultInterrupt)
                  0x00017a          0x4 LONG 0x2d8 DEFINED (__AltInterrupt51)?ABSOLUTE (__AltInterrupt51):DEFINED (__Interrupt51)?ABSOLUTE (__Interrupt51):ABSOLUTE (__DefaultInterrupt)
                  0x00017c          0x4 LONG 0x2d8 DEFINED (__AltInterrupt52)?ABSOLUTE (__AltInterrupt52):DEFINED (__Interrupt52)?ABSOLUTE (__Interrupt52):ABSOLUTE (__DefaultInterrupt)
                  0x00017e          0x4 LONG 0x2d8 DEFINED (__AltInterrupt53)?ABSOLUTE (__AltInterrupt53):DEFINED (__Interrupt53)?ABSOLUTE (__Interrupt53):ABSOLUTE (__DefaultInterrupt)
                  0x000180          0x4 LONG 0x2d8 DEFINED (__AltInterrupt54)?ABSOLUTE (__AltInterrupt54):DEFINED (__Interrupt54)?ABSOLUTE (__Interrupt54):ABSOLUTE (__DefaultInterrupt)
                  0x000182          0x4 LONG 0x2d8 DEFINED (__AltInterrupt55)?ABSOLUTE (__AltInterrupt55):DEFINED (__Interrupt55)?ABSOLUTE (__Interrupt55):ABSOLUTE (__DefaultInterrupt)
                  0x000184          0x4 LONG 0x2d8 DEFINED (__AltInterrupt56)?ABSOLUTE (__AltInterrupt56):DEFINED (__Interrupt56)?ABSOLUTE (__Interrupt56):ABSOLUTE (__DefaultInterrupt)
                  0x000186          0x4 LONG 0x2d8 DEFINED (__AltInterrupt57)?ABSOLUTE (__AltInterrupt57):DEFINED (__Interrupt57)?ABSOLUTE (__Interrupt57):ABSOLUTE (__DefaultInterrupt)
                  0x000188          0x4 LONG 0x2d8 DEFINED (__AltInterrupt58)?ABSOLUTE (__AltInterrupt58):DEFINED (__Interrupt58)?ABSOLUTE (__Interrupt58):ABSOLUTE (__DefaultInterrupt)
                  0x00018a          0x4 LONG 0x2d8 DEFINED (__AltInterrupt59)?ABSOLUTE (__AltInterrupt59):DEFINED (__Interrupt59)?ABSOLUTE (__Interrupt59):ABSOLUTE (__DefaultInterrupt)
                  0x00018c          0x4 LONG 0x2d8 DEFINED (__AltInterrupt60)?ABSOLUTE (__AltInterrupt60):DEFINED (__Interrupt60)?ABSOLUTE (__Interrupt60):ABSOLUTE (__DefaultInterrupt)
                  0x00018e          0x4 LONG 0x2d8 DEFINED (__AltInterrupt61)?ABSOLUTE (__AltInterrupt61):DEFINED (__Interrupt61)?ABSOLUTE (__Interrupt61):ABSOLUTE (__DefaultInterrupt)
                  0x000190          0x4 LONG 0x2d8 DEFINED (__AltRTCCInterrupt)?ABSOLUTE (__AltRTCCInterrupt):DEFINED (__RTCCInterrupt)?ABSOLUTE (__RTCCInterrupt):ABSOLUTE (__DefaultInterrupt)
                  0x000192          0x4 LONG 0x2d8 DEFINED (__AltInterrupt63)?ABSOLUTE (__AltInterrupt63):DEFINED (__Interrupt63)?ABSOLUTE (__Interrupt63):ABSOLUTE (__DefaultInterrupt)
                  0x000194          0x4 LONG 0x2d8 DEFINED (__AltInterrupt64)?ABSOLUTE (__AltInterrupt64):DEFINED (__Interrupt64)?ABSOLUTE (__Interrupt64):ABSOLUTE (__DefaultInterrupt)
                  0x000196          0x4 LONG 0x2d8 DEFINED (__AltU1ErrInterrupt)?ABSOLUTE (__AltU1ErrInterrupt):DEFINED (__U1ErrInterrupt)?ABSOLUTE (__U1ErrInterrupt):ABSOLUTE (__DefaultInterrupt)
                  0x000198          0x4 LONG 0x2d8 DEFINED (__AltU2ErrInterrupt)?ABSOLUTE (__AltU2ErrInterrupt):DEFINED (__U2ErrInterrupt)?ABSOLUTE (__U2ErrInterrupt):ABSOLUTE (__DefaultInterrupt)
                  0x00019a          0x4 LONG 0x2d8 DEFINED (__AltCRCInterrupt)?ABSOLUTE (__AltCRCInterrupt):DEFINED (__CRCInterrupt)?ABSOLUTE (__CRCInterrupt):ABSOLUTE (__DefaultInterrupt)
                  0x00019c          0x4 LONG 0x2d8 DEFINED (__AltInterrupt68)?ABSOLUTE (__AltInterrupt68):DEFINED (__Interrupt68)?ABSOLUTE (__Interrupt68):ABSOLUTE (__DefaultInterrupt)
                  0x00019e          0x4 LONG 0x2d8 DEFINED (__AltInterrupt69)?ABSOLUTE (__AltInterrupt69):DEFINED (__Interrupt69)?ABSOLUTE (__Interrupt69):ABSOLUTE (__DefaultInterrupt)
                  0x0001a0          0x4 LONG 0x2d8 DEFINED (__AltInterrupt70)?ABSOLUTE (__AltInterrupt70):DEFINED (__Interrupt70)?ABSOLUTE (__Interrupt70):ABSOLUTE (__DefaultInterrupt)
                  0x0001a2          0x4 LONG 0x2d8 DEFINED (__AltInterrupt71)?ABSOLUTE (__AltInterrupt71):DEFINED (__Interrupt71)?ABSOLUTE (__Interrupt71):ABSOLUTE (__DefaultInterrupt)
                  0x0001a4          0x4 LONG 0x2d8 DEFINED (__AltLVDInterrupt)?ABSOLUTE (__AltLVDInterrupt):DEFINED (__LVDInterrupt)?ABSOLUTE (__LVDInterrupt):ABSOLUTE (__DefaultInterrupt)
                  0x0001a6          0x4 LONG 0x2d8 DEFINED (__AltInterrupt73)?ABSOLUTE (__AltInterrupt73):DEFINED (__Interrupt73)?ABSOLUTE (__Interrupt73):ABSOLUTE (__DefaultInterrupt)
                  0x0001a8          0x4 LONG 0x2d8 DEFINED (__AltInterrupt74)?ABSOLUTE (__AltInterrupt74):DEFINED (__Interrupt74)?ABSOLUTE (__Interrupt74):ABSOLUTE (__DefaultInterrupt)
                  0x0001aa          0x4 LONG 0x2d8 DEFINED (__AltInterrupt75)?ABSOLUTE (__AltInterrupt75):DEFINED (__Interrupt75)?ABSOLUTE (__Interrupt75):ABSOLUTE (__DefaultInterrupt)
                  0x0001ac          0x4 LONG 0x2d8 DEFINED (__AltInterrupt76)?ABSOLUTE (__AltInterrupt76):DEFINED (__Interrupt76)?ABSOLUTE (__Interrupt76):ABSOLUTE (__DefaultInterrupt)
                  0x0001ae          0x4 LONG 0x2d8 DEFINED (__AltCTMUInterrupt)?ABSOLUTE (__AltCTMUInterrupt):DEFINED (__CTMUInterrupt)?ABSOLUTE (__CTMUInterrupt):ABSOLUTE (__DefaultInterrupt)
                  0x0001b0          0x4 LONG 0x2d8 DEFINED (__AltInterrupt78)?ABSOLUTE (__AltInterrupt78):DEFINED (__Interrupt78)?ABSOLUTE (__Interrupt78):ABSOLUTE (__DefaultInterrupt)
                  0x0001b2          0x4 LONG 0x2d8 DEFINED (__AltInterrupt79)?ABSOLUTE (__AltInterrupt79):DEFINED (__Interrupt79)?ABSOLUTE (__Interrupt79):ABSOLUTE (__DefaultInterrupt)
                  0x0001b4          0x4 LONG 0x2d8 DEFINED (__AltInterrupt80)?ABSOLUTE (__AltInterrupt80):DEFINED (__Interrupt80)?ABSOLUTE (__Interrupt80):ABSOLUTE (__DefaultInterrupt)
                  0x0001b6          0x4 LONG 0x2d8 DEFINED (__AltInterrupt81)?ABSOLUTE (__AltInterrupt81):DEFINED (__Interrupt81)?ABSOLUTE (__Interrupt81):ABSOLUTE (__DefaultInterrupt)
                  0x0001b8          0x4 LONG 0x2d8 DEFINED (__AltInterrupt82)?ABSOLUTE (__AltInterrupt82):DEFINED (__Interrupt82)?ABSOLUTE (__Interrupt82):ABSOLUTE (__DefaultInterrupt)
                  0x0001ba          0x4 LONG 0x2d8 DEFINED (__AltInterrupt83)?ABSOLUTE (__AltInterrupt83):DEFINED (__Interrupt83)?ABSOLUTE (__Interrupt83):ABSOLUTE (__DefaultInterrupt)
                  0x0001bc          0x4 LONG 0x2d8 DEFINED (__AltInterrupt84)?ABSOLUTE (__AltInterrupt84):DEFINED (__Interrupt84)?ABSOLUTE (__Interrupt84):ABSOLUTE (__DefaultInterrupt)
                  0x0001be          0x4 LONG 0x2d8 DEFINED (__AltInterrupt85)?ABSOLUTE (__AltInterrupt85):DEFINED (__Interrupt85)?ABSOLUTE (__Interrupt85):ABSOLUTE (__DefaultInterrupt)
                  0x0001c0          0x4 LONG 0x2d8 DEFINED (__AltUSB1Interrupt)?ABSOLUTE (__AltUSB1Interrupt):DEFINED (__USB1Interrupt)?ABSOLUTE (__USB1Interrupt):ABSOLUTE (__DefaultInterrupt)
                  0x0001c2          0x4 LONG 0x2d8 DEFINED (__AltInterrupt87)?ABSOLUTE (__AltInterrupt87):DEFINED (__Interrupt87)?ABSOLUTE (__Interrupt87):ABSOLUTE (__DefaultInterrupt)
                  0x0001c4          0x4 LONG 0x2d8 DEFINED (__AltInterrupt88)?ABSOLUTE (__AltInterrupt88):DEFINED (__Interrupt88)?ABSOLUTE (__Interrupt88):ABSOLUTE (__DefaultInterrupt)
                  0x0001c6          0x4 LONG 0x2d8 DEFINED (__AltInterrupt89)?ABSOLUTE (__AltInterrupt89):DEFINED (__Interrupt89)?ABSOLUTE (__Interrupt89):ABSOLUTE (__DefaultInterrupt)
                  0x0001c8          0x4 LONG 0x2d8 DEFINED (__AltInterrupt90)?ABSOLUTE (__AltInterrupt90):DEFINED (__Interrupt90)?ABSOLUTE (__Interrupt90):ABSOLUTE (__DefaultInterrupt)
                  0x0001ca          0x4 LONG 0x2d8 DEFINED (__AltInterrupt91)?ABSOLUTE (__AltInterrupt91):DEFINED (__Interrupt91)?ABSOLUTE (__Interrupt91):ABSOLUTE (__DefaultInterrupt)
                  0x0001cc          0x4 LONG 0x2d8 DEFINED (__AltInterrupt92)?ABSOLUTE (__AltInterrupt92):DEFINED (__Interrupt92)?ABSOLUTE (__Interrupt92):ABSOLUTE (__DefaultInterrupt)
                  0x0001ce          0x4 LONG 0x2d8 DEFINED (__AltInterrupt93)?ABSOLUTE (__AltInterrupt93):DEFINED (__Interrupt93)?ABSOLUTE (__Interrupt93):ABSOLUTE (__DefaultInterrupt)
                  0x0001d0          0x4 LONG 0x2d8 DEFINED (__AltInterrupt94)?ABSOLUTE (__AltInterrupt94):DEFINED (__Interrupt94)?ABSOLUTE (__Interrupt94):ABSOLUTE (__DefaultInterrupt)
                  0x0001d2          0x4 LONG 0x2d8 DEFINED (__AltInterrupt95)?ABSOLUTE (__AltInterrupt95):DEFINED (__Interrupt95)?ABSOLUTE (__Interrupt95):ABSOLUTE (__DefaultInterrupt)
                  0x0001d4          0x4 LONG 0x2d8 DEFINED (__AltInterrupt96)?ABSOLUTE (__AltInterrupt96):DEFINED (__Interrupt96)?ABSOLUTE (__Interrupt96):ABSOLUTE (__DefaultInterrupt)
                  0x0001d6          0x4 LONG 0x2d8 DEFINED (__AltInterrupt97)?ABSOLUTE (__AltInterrupt97):DEFINED (__Interrupt97)?ABSOLUTE (__Interrupt97):ABSOLUTE (__DefaultInterrupt)
                  0x0001d8          0x4 LONG 0x2d8 DEFINED (__AltInterrupt98)?ABSOLUTE (__AltInterrupt98):DEFINED (__Interrupt98)?ABSOLUTE (__Interrupt98):ABSOLUTE (__DefaultInterrupt)
                  0x0001da          0x4 LONG 0x2d8 DEFINED (__AltInterrupt99)?ABSOLUTE (__AltInterrupt99):DEFINED (__Interrupt99)?ABSOLUTE (__Interrupt99):ABSOLUTE (__DefaultInterrupt)
                  0x0001dc          0x4 LONG 0x2d8 DEFINED (__AltInterrupt100)?ABSOLUTE (__AltInterrupt100):DEFINED (__Interrupt100)?ABSOLUTE (__Interrupt100):ABSOLUTE (__DefaultInterrupt)
                  0x0001de          0x4 LONG 0x2d8 DEFINED (__AltInterrupt101)?ABSOLUTE (__AltInterrupt101):DEFINED (__Interrupt101)?ABSOLUTE (__Interrupt101):ABSOLUTE (__DefaultInterrupt)
                  0x0001e0          0x4 LONG 0x2d8 DEFINED (__AltInterrupt102)?ABSOLUTE (__AltInterrupt102):DEFINED (__Interrupt102)?ABSOLUTE (__Interrupt102):ABSOLUTE (__DefaultInterrupt)
                  0x0001e2          0x4 LONG 0x2d8 DEFINED (__AltInterrupt103)?ABSOLUTE (__AltInterrupt103):DEFINED (__Interrupt103)?ABSOLUTE (__Interrupt103):ABSOLUTE (__DefaultInterrupt)
                  0x0001e4          0x4 LONG 0x2d8 DEFINED (__AltInterrupt104)?ABSOLUTE (__AltInterrupt104):DEFINED (__Interrupt104)?ABSOLUTE (__Interrupt104):ABSOLUTE (__DefaultInterrupt)
                  0x0001e6          0x4 LONG 0x2d8 DEFINED (__AltInterrupt105)?ABSOLUTE (__AltInterrupt105):DEFINED (__Interrupt105)?ABSOLUTE (__Interrupt105):ABSOLUTE (__DefaultInterrupt)
                  0x0001e8          0x4 LONG 0x2d8 DEFINED (__AltInterrupt106)?ABSOLUTE (__AltInterrupt106):DEFINED (__Interrupt106)?ABSOLUTE (__Interrupt106):ABSOLUTE (__DefaultInterrupt)
                  0x0001ea          0x4 LONG 0x2d8 DEFINED (__AltInterrupt107)?ABSOLUTE (__AltInterrupt107):DEFINED (__Interrupt107)?ABSOLUTE (__Interrupt107):ABSOLUTE (__DefaultInterrupt)
                  0x0001ec          0x4 LONG 0x2d8 DEFINED (__AltInterrupt108)?ABSOLUTE (__AltInterrupt108):DEFINED (__Interrupt108)?ABSOLUTE (__Interrupt108):ABSOLUTE (__DefaultInterrupt)
                  0x0001ee          0x4 LONG 0x2d8 DEFINED (__AltInterrupt109)?ABSOLUTE (__AltInterrupt109):DEFINED (__Interrupt109)?ABSOLUTE (__Interrupt109):ABSOLUTE (__DefaultInterrupt)
                  0x0001f0          0x4 LONG 0x2d8 DEFINED (__AltInterrupt110)?ABSOLUTE (__AltInterrupt110):DEFINED (__Interrupt110)?ABSOLUTE (__Interrupt110):ABSOLUTE (__DefaultInterrupt)
                  0x0001f2          0x4 LONG 0x2d8 DEFINED (__AltInterrupt111)?ABSOLUTE (__AltInterrupt111):DEFINED (__Interrupt111)?ABSOLUTE (__Interrupt111):ABSOLUTE (__DefaultInterrupt)
                  0x0001f4          0x4 LONG 0x2d8 DEFINED (__AltInterrupt112)?ABSOLUTE (__AltInterrupt112):DEFINED (__Interrupt112)?ABSOLUTE (__Interrupt112):ABSOLUTE (__DefaultInterrupt)
                  0x0001f6          0x4 LONG 0x2d8 DEFINED (__AltInterrupt113)?ABSOLUTE (__AltInterrupt113):DEFINED (__Interrupt113)?ABSOLUTE (__Interrupt113):ABSOLUTE (__DefaultInterrupt)
                  0x0001f8          0x4 LONG 0x2d8 DEFINED (__AltInterrupt114)?ABSOLUTE (__AltInterrupt114):DEFINED (__Interrupt114)?ABSOLUTE (__Interrupt114):ABSOLUTE (__DefaultInterrupt)
                  0x0001fa          0x4 LONG 0x2d8 DEFINED (__AltInterrupt115)?ABSOLUTE (__AltInterrupt115):DEFINED (__Interrupt115)?ABSOLUTE (__Interrupt115):ABSOLUTE (__DefaultInterrupt)
                  0x0001fc          0x4 LONG 0x2d8 DEFINED (__AltInterrupt116)?ABSOLUTE (__AltInterrupt116):DEFINED (__Interrupt116)?ABSOLUTE (__Interrupt116):ABSOLUTE (__DefaultInterrupt)
                  0x0001fe          0x4 LONG 0x2d8 DEFINED (__AltInterrupt117)?ABSOLUTE (__AltInterrupt117):DEFINED (__Interrupt117)?ABSOLUTE (__Interrupt117):ABSOLUTE (__DefaultInterrupt)
                    0x0000                  WREG0 = 0x0
                    0x0000                  _WREG0 = 0x0
                    0x0002                  WREG1 = 0x2
                    0x0002                  _WREG1 = 0x2
                    0x0004                  WREG2 = 0x4
                    0x0004                  _WREG2 = 0x4
                    0x0006                  WREG3 = 0x6
                    0x0006                  _WREG3 = 0x6
                    0x0008                  WREG4 = 0x8
                    0x0008                  _WREG4 = 0x8
                    0x000a                  WREG5 = 0xa
                    0x000a                  _WREG5 = 0xa
                    0x000c                  WREG6 = 0xc
                    0x000c                  _WREG6 = 0xc
                    0x000e                  WREG7 = 0xe
                    0x000e                  _WREG7 = 0xe
                    0x0010                  WREG8 = 0x10
                    0x0010                  _WREG8 = 0x10
                    0x0012                  WREG9 = 0x12
                    0x0012                  _WREG9 = 0x12
                    0x0014                  WREG10 = 0x14
                    0x0014                  _WREG10 = 0x14
                    0x0016                  WREG11 = 0x16
                    0x0016                  _WREG11 = 0x16
                    0x0018                  WREG12 = 0x18
                    0x0018                  _WREG12 = 0x18
                    0x001a                  WREG13 = 0x1a
                    0x001a                  _WREG13 = 0x1a
                    0x001c                  WREG14 = 0x1c
                    0x001c                  _WREG14 = 0x1c
                    0x001e                  WREG15 = 0x1e
                    0x001e                  _WREG15 = 0x1e
                    0x0020                  SPLIM = 0x20
                    0x0020                  _SPLIM = 0x20
                    0x002e                  PCL = 0x2e
                    0x002e                  _PCL = 0x2e
                    0x0030                  PCH = 0x30
                    0x0030                  _PCH = 0x30
                    0x0032                  TBLPAG = 0x32
                    0x0032                  _TBLPAG = 0x32
                    0x0034                  PSVPAG = 0x34
                    0x0034                  _PSVPAG = 0x34
                    0x0036                  RCOUNT = 0x36
                    0x0036                  _RCOUNT = 0x36
                    0x0042                  SR = 0x42
                    0x0042                  _SR = 0x42
                    0x0042                  _SRbits = 0x42
                    0x0044                  CORCON = 0x44
                    0x0044                  _CORCON = 0x44
                    0x0044                  _CORCONbits = 0x44
                    0x0052                  DISICNT = 0x52
                    0x0052                  _DISICNT = 0x52
                    0x0060                  CNEN1 = 0x60
                    0x0060                  _CNEN1 = 0x60
                    0x0060                  _CNEN1bits = 0x60
                    0x0062                  CNEN2 = 0x62
                    0x0062                  _CNEN2 = 0x62
                    0x0062                  _CNEN2bits = 0x62
                    0x0068                  CNPU1 = 0x68
                    0x0068                  _CNPU1 = 0x68
                    0x0068                  _CNPU1bits = 0x68
                    0x006a                  CNPU2 = 0x6a
                    0x006a                  _CNPU2 = 0x6a
                    0x006a                  _CNPU2bits = 0x6a
                    0x0080                  INTCON1 = 0x80
                    0x0080                  _INTCON1 = 0x80
                    0x0080                  _INTCON1bits = 0x80
                    0x0082                  INTCON2 = 0x82
                    0x0082                  _INTCON2 = 0x82
                    0x0082                  _INTCON2bits = 0x82
                    0x0084                  IFS0 = 0x84
                    0x0084                  _IFS0 = 0x84
                    0x0084                  _IFS0bits = 0x84
                    0x0086                  IFS1 = 0x86
                    0x0086                  _IFS1 = 0x86
                    0x0086                  _IFS1bits = 0x86
                    0x0088                  IFS2 = 0x88
                    0x0088                  _IFS2 = 0x88
                    0x0088                  _IFS2bits = 0x88
                    0x008a                  IFS3 = 0x8a
                    0x008a                  _IFS3 = 0x8a
                    0x008a                  _IFS3bits = 0x8a
                    0x008c                  IFS4 = 0x8c
                    0x008c                  _IFS4 = 0x8c
                    0x008c                  _IFS4bits = 0x8c
                    0x008e                  IFS5 = 0x8e
                    0x008e                  _IFS5 = 0x8e
                    0x008e                  _IFS5bits = 0x8e
                    0x0094                  IEC0 = 0x94
                    0x0094                  _IEC0 = 0x94
                    0x0094                  _IEC0bits = 0x94
                    0x0096                  IEC1 = 0x96
                    0x0096                  _IEC1 = 0x96
                    0x0096                  _IEC1bits = 0x96
                    0x0098                  IEC2 = 0x98
                    0x0098                  _IEC2 = 0x98
                    0x0098                  _IEC2bits = 0x98
                    0x009a                  IEC3 = 0x9a
                    0x009a                  _IEC3 = 0x9a
                    0x009a                  _IEC3bits = 0x9a
                    0x009c                  IEC4 = 0x9c
                    0x009c                  _IEC4 = 0x9c
                    0x009c                  _IEC4bits = 0x9c
                    0x009e                  IEC5 = 0x9e
                    0x009e                  _IEC5 = 0x9e
                    0x009e                  _IEC5bits = 0x9e
                    0x00a4                  IPC0 = 0xa4
                    0x00a4                  _IPC0 = 0xa4
                    0x00a4                  _IPC0bits = 0xa4
                    0x00a6                  IPC1 = 0xa6
                    0x00a6                  _IPC1 = 0xa6
                    0x00a6                  _IPC1bits = 0xa6
                    0x00a8                  IPC2 = 0xa8
                    0x00a8                  _IPC2 = 0xa8
                    0x00a8                  _IPC2bits = 0xa8
                    0x00aa                  IPC3 = 0xaa
                    0x00aa                  _IPC3 = 0xaa
                    0x00aa                  _IPC3bits = 0xaa
                    0x00ac                  IPC4 = 0xac
                    0x00ac                  _IPC4 = 0xac
                    0x00ac                  _IPC4bits = 0xac
                    0x00ae                  IPC5 = 0xae
                    0x00ae                  _IPC5 = 0xae
                    0x00ae                  _IPC5bits = 0xae
                    0x00b0                  IPC6 = 0xb0
                    0x00b0                  _IPC6 = 0xb0
                    0x00b0                  _IPC6bits = 0xb0
                    0x00b2                  IPC7 = 0xb2
                    0x00b2                  _IPC7 = 0xb2
                    0x00b2                  _IPC7bits = 0xb2
                    0x00b4                  IPC8 = 0xb4
                    0x00b4                  _IPC8 = 0xb4
                    0x00b4                  _IPC8bits = 0xb4
                    0x00b6                  IPC9 = 0xb6
                    0x00b6                  _IPC9 = 0xb6
                    0x00b6                  _IPC9bits = 0xb6
                    0x00b8                  IPC10 = 0xb8
                    0x00b8                  _IPC10 = 0xb8
                    0x00b8                  _IPC10bits = 0xb8
                    0x00ba                  IPC11 = 0xba
                    0x00ba                  _IPC11 = 0xba
                    0x00ba                  _IPC11bits = 0xba
                    0x00bc                  IPC12 = 0xbc
                    0x00bc                  _IPC12 = 0xbc
                    0x00bc                  _IPC12bits = 0xbc
                    0x00c2                  IPC15 = 0xc2
                    0x00c2                  _IPC15 = 0xc2
                    0x00c2                  _IPC15bits = 0xc2
                    0x00c4                  IPC16 = 0xc4
                    0x00c4                  _IPC16 = 0xc4
                    0x00c4                  _IPC16bits = 0xc4
                    0x00c8                  IPC18 = 0xc8
                    0x00c8                  _IPC18 = 0xc8
                    0x00c8                  _IPC18bits = 0xc8
                    0x00ca                  IPC19 = 0xca
                    0x00ca                  _IPC19 = 0xca
                    0x00ca                  _IPC19bits = 0xca
                    0x00ce                  IPC21 = 0xce
                    0x00ce                  _IPC21 = 0xce
                    0x00ce                  _IPC21bits = 0xce
                    0x00e0                  INTTREG = 0xe0
                    0x00e0                  _INTTREG = 0xe0
                    0x00e0                  _INTTREGbits = 0xe0
                    0x0100                  TMR1 = 0x100
                    0x0100                  _TMR1 = 0x100
                    0x0102                  PR1 = 0x102
                    0x0102                  _PR1 = 0x102
                    0x0104                  T1CON = 0x104
                    0x0104                  _T1CON = 0x104
                    0x0104                  _T1CONbits = 0x104
                    0x0106                  TMR2 = 0x106
                    0x0106                  _TMR2 = 0x106
                    0x0108                  TMR3HLD = 0x108
                    0x0108                  _TMR3HLD = 0x108
                    0x010a                  TMR3 = 0x10a
                    0x010a                  _TMR3 = 0x10a
                    0x010c                  PR2 = 0x10c
                    0x010c                  _PR2 = 0x10c
                    0x010e                  PR3 = 0x10e
                    0x010e                  _PR3 = 0x10e
                    0x0110                  T2CON = 0x110
                    0x0110                  _T2CON = 0x110
                    0x0110                  _T2CONbits = 0x110
                    0x0112                  T3CON = 0x112
                    0x0112                  _T3CON = 0x112
                    0x0112                  _T3CONbits = 0x112
                    0x0114                  TMR4 = 0x114
                    0x0114                  _TMR4 = 0x114
                    0x0116                  TMR5HLD = 0x116
                    0x0116                  _TMR5HLD = 0x116
                    0x0118                  TMR5 = 0x118
                    0x0118                  _TMR5 = 0x118
                    0x011a                  PR4 = 0x11a
                    0x011a                  _PR4 = 0x11a
                    0x011c                  PR5 = 0x11c
                    0x011c                  _PR5 = 0x11c
                    0x011e                  T4CON = 0x11e
                    0x011e                  _T4CON = 0x11e
                    0x011e                  _T4CONbits = 0x11e
                    0x0120                  T5CON = 0x120
                    0x0120                  _T5CON = 0x120
                    0x0120                  _T5CONbits = 0x120
                    0x0140                  IC1CON1 = 0x140
                    0x0140                  _IC1CON1 = 0x140
                    0x0140                  _IC1CON1bits = 0x140
                    0x0142                  IC1CON2 = 0x142
                    0x0142                  _IC1CON2 = 0x142
                    0x0142                  _IC1CON2bits = 0x142
                    0x0144                  IC1BUF = 0x144
                    0x0144                  _IC1BUF = 0x144
                    0x0146                  IC1TMR = 0x146
                    0x0146                  _IC1TMR = 0x146
                    0x0148                  IC2CON1 = 0x148
                    0x0148                  _IC2CON1 = 0x148
                    0x0148                  _IC2CON1bits = 0x148
                    0x014a                  IC2CON2 = 0x14a
                    0x014a                  _IC2CON2 = 0x14a
                    0x014a                  _IC2CON2bits = 0x14a
                    0x014c                  IC2BUF = 0x14c
                    0x014c                  _IC2BUF = 0x14c
                    0x014e                  IC2TMR = 0x14e
                    0x014e                  _IC2TMR = 0x14e
                    0x0150                  IC3CON1 = 0x150
                    0x0150                  _IC3CON1 = 0x150
                    0x0150                  _IC3CON1bits = 0x150
                    0x0152                  IC3CON2 = 0x152
                    0x0152                  _IC3CON2 = 0x152
                    0x0152                  _IC3CON2bits = 0x152
                    0x0154                  IC3BUF = 0x154
                    0x0154                  _IC3BUF = 0x154
                    0x0156                  IC3TMR = 0x156
                    0x0156                  _IC3TMR = 0x156
                    0x0158                  IC4CON1 = 0x158
                    0x0158                  _IC4CON1 = 0x158
                    0x0158                  _IC4CON1bits = 0x158
                    0x015a                  IC4CON2 = 0x15a
                    0x015a                  _IC4CON2 = 0x15a
                    0x015a                  _IC4CON2bits = 0x15a
                    0x015c                  IC4BUF = 0x15c
                    0x015c                  _IC4BUF = 0x15c
                    0x015e                  IC4TMR = 0x15e
                    0x015e                  _IC4TMR = 0x15e
                    0x0160                  IC5CON1 = 0x160
                    0x0160                  _IC5CON1 = 0x160
                    0x0160                  _IC5CON1bits = 0x160
                    0x0162                  IC5CON2 = 0x162
                    0x0162                  _IC5CON2 = 0x162
                    0x0162                  _IC5CON2bits = 0x162
                    0x0164                  IC5BUF = 0x164
                    0x0164                  _IC5BUF = 0x164
                    0x0166                  IC5TMR = 0x166
                    0x0166                  _IC5TMR = 0x166
                    0x0190                  OC1CON1 = 0x190
                    0x0190                  _OC1CON1 = 0x190
                    0x0190                  _OC1CON1bits = 0x190
                    0x0192                  OC1CON2 = 0x192
                    0x0192                  _OC1CON2 = 0x192
                    0x0192                  _OC1CON2bits = 0x192
                    0x0194                  OC1RS = 0x194
                    0x0194                  _OC1RS = 0x194
                    0x0196                  OC1R = 0x196
                    0x0196                  _OC1R = 0x196
                    0x0198                  OC1TMR = 0x198
                    0x0198                  _OC1TMR = 0x198
                    0x019a                  OC2CON1 = 0x19a
                    0x019a                  _OC2CON1 = 0x19a
                    0x019a                  _OC2CON1bits = 0x19a
                    0x019c                  OC2CON2 = 0x19c
                    0x019c                  _OC2CON2 = 0x19c
                    0x019c                  _OC2CON2bits = 0x19c
                    0x019e                  OC2RS = 0x19e
                    0x019e                  _OC2RS = 0x19e
                    0x01a0                  OC2R = 0x1a0
                    0x01a0                  _OC2R = 0x1a0
                    0x01a2                  OC2TMR = 0x1a2
                    0x01a2                  _OC2TMR = 0x1a2
                    0x01a4                  OC3CON1 = 0x1a4
                    0x01a4                  _OC3CON1 = 0x1a4
                    0x01a4                  _OC3CON1bits = 0x1a4
                    0x01a6                  OC3CON2 = 0x1a6
                    0x01a6                  _OC3CON2 = 0x1a6
                    0x01a6                  _OC3CON2bits = 0x1a6
                    0x01a8                  OC3RS = 0x1a8
                    0x01a8                  _OC3RS = 0x1a8
                    0x01aa                  OC3R = 0x1aa
                    0x01aa                  _OC3R = 0x1aa
                    0x01ac                  OC3TMR = 0x1ac
                    0x01ac                  _OC3TMR = 0x1ac
                    0x01ae                  OC4CON1 = 0x1ae
                    0x01ae                  _OC4CON1 = 0x1ae
                    0x01ae                  _OC4CON1bits = 0x1ae
                    0x01b0                  OC4CON2 = 0x1b0
                    0x01b0                  _OC4CON2 = 0x1b0
                    0x01b0                  _OC4CON2bits = 0x1b0
                    0x01b2                  OC4RS = 0x1b2
                    0x01b2                  _OC4RS = 0x1b2
                    0x01b4                  OC4R = 0x1b4
                    0x01b4                  _OC4R = 0x1b4
                    0x01b6                  OC4TMR = 0x1b6
                    0x01b6                  _OC4TMR = 0x1b6
                    0x01b8                  OC5CON1 = 0x1b8
                    0x01b8                  _OC5CON1 = 0x1b8
                    0x01b8                  _OC5CON1bits = 0x1b8
                    0x01ba                  OC5CON2 = 0x1ba
                    0x01ba                  _OC5CON2 = 0x1ba
                    0x01ba                  _OC5CON2bits = 0x1ba
                    0x01bc                  OC5RS = 0x1bc
                    0x01bc                  _OC5RS = 0x1bc
                    0x01be                  OC5R = 0x1be
                    0x01be                  _OC5R = 0x1be
                    0x01c0                  OC5TMR = 0x1c0
                    0x01c0                  _OC5TMR = 0x1c0
                    0x0200                  I2C1RCV = 0x200
                    0x0200                  _I2C1RCV = 0x200
                    0x0202                  I2C1TRN = 0x202
                    0x0202                  _I2C1TRN = 0x202
                    0x0204                  I2C1BRG = 0x204
                    0x0204                  _I2C1BRG = 0x204
                    0x0206                  I2C1CON = 0x206
                    0x0206                  _I2C1CON = 0x206
                    0x0206                  _I2C1CONbits = 0x206
                    0x0208                  I2C1STAT = 0x208
                    0x0208                  _I2C1STAT = 0x208
                    0x0208                  _I2C1STATbits = 0x208
                    0x020a                  I2C1ADD = 0x20a
                    0x020a                  _I2C1ADD = 0x20a
                    0x020c                  I2C1MSK = 0x20c
                    0x020c                  _I2C1MSK = 0x20c
                    0x0210                  I2C2RCV = 0x210
                    0x0210                  _I2C2RCV = 0x210
                    0x0212                  I2C2TRN = 0x212
                    0x0212                  _I2C2TRN = 0x212
                    0x0214                  I2C2BRG = 0x214
                    0x0214                  _I2C2BRG = 0x214
                    0x0216                  I2C2CON = 0x216
                    0x0216                  _I2C2CON = 0x216
                    0x0216                  _I2C2CONbits = 0x216
                    0x0218                  I2C2STAT = 0x218
                    0x0218                  _I2C2STAT = 0x218
                    0x0218                  _I2C2STATbits = 0x218
                    0x021a                  I2C2ADD = 0x21a
                    0x021a                  _I2C2ADD = 0x21a
                    0x021c                  I2C2MSK = 0x21c
                    0x021c                  _I2C2MSK = 0x21c
                    0x0220                  U1MODE = 0x220
                    0x0220                  _U1MODE = 0x220
                    0x0220                  _U1MODEbits = 0x220
                    0x0222                  U1STA = 0x222
                    0x0222                  _U1STA = 0x222
                    0x0222                  _U1STAbits = 0x222
                    0x0224                  U1TXREG = 0x224
                    0x0224                  _U1TXREG = 0x224
                    0x0224                  _U1TXREGbits = 0x224
                    0x0226                  U1RXREG = 0x226
                    0x0226                  _U1RXREG = 0x226
                    0x0226                  _U1RXREGbits = 0x226
                    0x0228                  U1BRG = 0x228
                    0x0228                  _U1BRG = 0x228
                    0x0230                  U2MODE = 0x230
                    0x0230                  _U2MODE = 0x230
                    0x0230                  _U2MODEbits = 0x230
                    0x0232                  U2STA = 0x232
                    0x0232                  _U2STA = 0x232
                    0x0232                  _U2STAbits = 0x232
                    0x0234                  U2TXREG = 0x234
                    0x0234                  _U2TXREG = 0x234
                    0x0234                  _U2TXREGbits = 0x234
                    0x0236                  U2RXREG = 0x236
                    0x0236                  _U2RXREG = 0x236
                    0x0236                  _U2RXREGbits = 0x236
                    0x0238                  U2BRG = 0x238
                    0x0238                  _U2BRG = 0x238
                    0x0240                  SPI1STAT = 0x240
                    0x0240                  _SPI1STAT = 0x240
                    0x0240                  _SPI1STATbits = 0x240
                    0x0242                  SPI1CON1 = 0x242
                    0x0242                  _SPI1CON1 = 0x242
                    0x0242                  _SPI1CON1bits = 0x242
                    0x0244                  SPI1CON2 = 0x244
                    0x0244                  _SPI1CON2 = 0x244
                    0x0244                  _SPI1CON2bits = 0x244
                    0x0248                  SPI1BUF = 0x248
                    0x0248                  _SPI1BUF = 0x248
                    0x0260                  SPI2STAT = 0x260
                    0x0260                  _SPI2STAT = 0x260